
> kanban-app@0.1.0 test
> vitest --run

Ôùç injected env (13) from .env.local // tip: Ôîü auth for agents [www.vestauth.com]
Ôùç injected env (0) from .env.local // tip: Ôîü auth for agents [www.vestauth.com]
Ôùç injected env (0) from .env.local // tip: Ôùê encrypted .env [www.dotenvx.com]

[1m[30m[46m RUN [49m[39m[22m [36mv4.1.4 [39m[90mC:/git/kanban.2[39m

node.exe : Error: useAuth must be used within an AuthProvider
No linha:1 caractere:1
+ & "C:\Program Files\nodejs/node.exe" "C:\Users\User\AppData\Roaming\n ...
+ ~~~~~~~~~~~~~~~~~~~~~~~~~~~~~~~~~~~~~~~~~~~~~~~~~~~~~~~~~~~~~~~~~~~~~
    + CategoryInfo          : NotSpecified: (Error: useAuth ...an AuthProvider:String) [], RemoteException
    + FullyQualifiedErrorId : NativeCommandError
 
    at useAuth (C:/git/kanban.2/src/context/AuthContext.tsx:94:11)
    at Header (C:/git/kanban.2/src/components/layout/Header.tsx:42:42)
    at renderWithHooks (C:\git\kanban.2\node_modules\react-dom\cjs\react-dom.development.js:15486:18)
    at mountIndeterminateComponent (C:\git\kanban.2\node_modules\react-dom\cjs\react-dom.development.js:20103:13)
    at beginWork (C:\git\kanban.2\node_modules\react-dom\cjs\react-dom.development.js:21626:16)
    at HTMLUnknownElement.callCallback (C:\git\kanban.2\node_modules\react-dom\cjs\react-dom.development.js:4164:14)
    at HTMLUnknownElement.callTheUserObjectsOperation 
(C:\git\kanban.2\node_modules\jsdom\lib\generated\idl\EventListener.js:26:30)
    at innerInvokeEventListeners 
(C:\git\kanban.2\node_modules\jsdom\lib\jsdom\living\events\EventTarget-impl.js:360:16)
    at invokeEventListeners (C:\git\kanban.2\node_modules\jsdom\lib\jsdom\living\events\EventTarget-impl.js:296:3)
    at HTMLUnknownElementImpl._dispatch 
(C:\git\kanban.2\node_modules\jsdom\lib\jsdom\living\events\EventTarget-impl.js:243:9)
Error: useAuth must be used within an AuthProvider
    at useAuth (C:/git/kanban.2/src/context/AuthContext.tsx:94:11)
    at Header (C:/git/kanban.2/src/components/layout/Header.tsx:42:42)
    at renderWithHooks (C:\git\kanban.2\node_modules\react-dom\cjs\react-dom.development.js:15486:18)
    at mountIndeterminateComponent (C:\git\kanban.2\node_modules\react-dom\cjs\react-dom.development.js:20103:13)
    at beginWork (C:\git\kanban.2\node_modules\react-dom\cjs\react-dom.development.js:21626:16)
    at HTMLUnknownElement.callCallback (C:\git\kanban.2\node_modules\react-dom\cjs\react-dom.development.js:4164:14)
    at HTMLUnknownElement.callTheUserObjectsOperation 
(C:\git\kanban.2\node_modules\jsdom\lib\generated\idl\EventListener.js:26:30)
    at innerInvokeEventListeners 
(C:\git\kanban.2\node_modules\jsdom\lib\jsdom\living\events\EventTarget-impl.js:360:16)
    at invokeEventListeners (C:\git\kanban.2\node_modules\jsdom\lib\jsdom\living\events\EventTarget-impl.js:296:3)
    at HTMLUnknownElementImpl._dispatch 
(C:\git\kanban.2\node_modules\jsdom\lib\jsdom\living\events\EventTarget-impl.js:243:9)
[90mstderr[2m | src/components/layout/Header.test.tsx[2m > [22m[2mHeader Component[2m > [22m[2mrenders header 
with logo
[22m[39mThe above error occurred in the <Header> component:

    at Header (C:/git/kanban.2/src/components/layout/Header.tsx:27:74)

Consider adding an error boundary to your tree to customize error handling behavior.
Visit https://reactjs.org/link/error-boundaries to learn more about error boundaries.

Error: useAuth must be used within an AuthProvider
    at useAuth (C:/git/kanban.2/src/context/AuthContext.tsx:94:11)
    at Header (C:/git/kanban.2/src/components/layout/Header.tsx:42:42)
    at renderWithHooks (C:\git\kanban.2\node_modules\react-dom\cjs\react-dom.development.js:15486:18)
    at mountIndeterminateComponent (C:\git\kanban.2\node_modules\react-dom\cjs\react-dom.development.js:20103:13)
    at beginWork (C:\git\kanban.2\node_modules\react-dom\cjs\react-dom.development.js:21626:16)
    at HTMLUnknownElement.callCallback (C:\git\kanban.2\node_modules\react-dom\cjs\react-dom.development.js:4164:14)
    at HTMLUnknownElement.callTheUserObjectsOperation 
(C:\git\kanban.2\node_modules\jsdom\lib\generated\idl\EventListener.js:26:30)
    at innerInvokeEventListeners 
(C:\git\kanban.2\node_modules\jsdom\lib\jsdom\living\events\EventTarget-impl.js:360:16)
    at invokeEventListeners (C:\git\kanban.2\node_modules\jsdom\lib\jsdom\living\events\EventTarget-impl.js:296:3)
    at HTMLUnknownElementImpl._dispatch 
(C:\git\kanban.2\node_modules\jsdom\lib\jsdom\living\events\EventTarget-impl.js:243:9)
Error: useAuth must be used within an AuthProvider
    at useAuth (C:/git/kanban.2/src/context/AuthContext.tsx:94:11)
    at Header (C:/git/kanban.2/src/components/layout/Header.tsx:42:42)
    at renderWithHooks (C:\git\kanban.2\node_modules\react-dom\cjs\react-dom.development.js:15486:18)
    at mountIndeterminateComponent (C:\git\kanban.2\node_modules\react-dom\cjs\react-dom.development.js:20103:13)
    at beginWork (C:\git\kanban.2\node_modules\react-dom\cjs\react-dom.development.js:21626:16)
    at HTMLUnknownElement.callCallback (C:\git\kanban.2\node_modules\react-dom\cjs\react-dom.development.js:4164:14)
    at HTMLUnknownElement.callTheUserObjectsOperation 
(C:\git\kanban.2\node_modules\jsdom\lib\generated\idl\EventListener.js:26:30)
    at innerInvokeEventListeners 
(C:\git\kanban.2\node_modules\jsdom\lib\jsdom\living\events\EventTarget-impl.js:360:16)
    at invokeEventListeners (C:\git\kanban.2\node_modules\jsdom\lib\jsdom\living\events\EventTarget-impl.js:296:3)
    at HTMLUnknownElementImpl._dispatch 
(C:\git\kanban.2\node_modules\jsdom\lib\jsdom\living\events\EventTarget-impl.js:243:9)
Error: useAuth must be used within an AuthProvider
    at useAuth (C:/git/kanban.2/src/context/AuthContext.tsx:94:11)
    at Header (C:/git/kanban.2/src/components/layout/Header.tsx:42:42)
    at renderWithHooks (C:\git\kanban.2\node_modules\react-dom\cjs\react-dom.development.js:15486:18)
    at mountIndeterminateComponent (C:\git\kanban.2\node_modules\react-dom\cjs\react-dom.development.js:20103:13)
    at beginWork (C:\git\kanban.2\node_modules\react-dom\cjs\react-dom.development.js:21626:16)
    at HTMLUnknownElement.callCallback (C:\git\kanban.2\node_modules\react-dom\cjs\react-dom.development.js:4164:14)
    at HTMLUnknownElement.callTheUserObjectsOperation 
(C:\git\kanban.2\node_modules\jsdom\lib\generated\idl\EventListener.js:26:30)
    at innerInvokeEventListeners 
(C:\git\kanban.2\node_modules\jsdom\lib\jsdom\living\events\EventTarget-impl.js:360:16)
    at invokeEventListeners (C:\git\kanban.2\node_modules\jsdom\lib\jsdom\living\events\EventTarget-impl.js:296:3)
    at HTMLUnknownElementImpl._dispatch 
(C:\git\kanban.2\node_modules\jsdom\lib\jsdom\living\events\EventTarget-impl.js:243:9)
Error: useAuth must be used within an AuthProvider
    at useAuth (C:/git/kanban.2/src/context/AuthContext.tsx:94:11)
    at Header (C:/git/kanban.2/src/components/layout/Header.tsx:42:42)
    at renderWithHooks (C:\git\kanban.2\node_modules\react-dom\cjs\react-dom.development.js:15486:18)
    at mountIndeterminateComponent (C:\git\kanban.2\node_modules\react-dom\cjs\react-dom.development.js:20103:13)
    at beginWork (C:\git\kanban.2\node_modules\react-dom\cjs\react-dom.development.js:21626:16)
    at HTMLUnknownElement.callCallback (C:\git\kanban.2\node_modules\react-dom\cjs\react-dom.development.js:4164:14)
    at HTMLUnknownElement.callTheUserObjectsOperation 
(C:\git\kanban.2\node_modules\jsdom\lib\generated\idl\EventListener.js:26:30)
    at innerInvokeEventListeners 
(C:\git\kanban.2\node_modules\jsdom\lib\jsdom\living\events\EventTarget-impl.js:360:16)
    at invokeEventListeners (C:\git\kanban.2\node_modules\jsdom\lib\jsdom\living\events\EventTarget-impl.js:296:3)
    at HTMLUnknownElementImpl._dispatch 
(C:\git\kanban.2\node_modules\jsdom\lib\jsdom\living\events\EventTarget-impl.js:243:9)
Error: useAuth must be used within an AuthProvider
    at useAuth (C:/git/kanban.2/src/context/AuthContext.tsx:94:11)
    at Header (C:/git/kanban.2/src/components/layout/Header.tsx:42:42)
    at renderWithHooks (C:\git\kanban.2\node_modules\react-dom\cjs\react-dom.development.js:15486:18)
    at mountIndeterminateComponent (C:\git\kanban.2\node_modules\react-dom\cjs\react-dom.development.js:20103:13)
    at beginWork (C:\git\kanban.2\node_modules\react-dom\cjs\react-dom.development.js:21626:16)
    at HTMLUnknownElement.callCallback (C:\git\kanban.2\node_modules\react-dom\cjs\react-dom.development.js:4164:14)
    at HTMLUnknownElement.callTheUserObjectsOperation 
(C:\git\kanban.2\node_modules\jsdom\lib\generated\idl\EventListener.js:26:30)
    at innerInvokeEventListeners 
(C:\git\kanban.2\node_modules\jsdom\lib\jsdom\living\events\EventTarget-impl.js:360:16)
    at invokeEventListeners (C:\git\kanban.2\node_modules\jsdom\lib\jsdom\living\events\EventTarget-impl.js:296:3)
    at HTMLUnknownElementImpl._dispatch 
(C:\git\kanban.2\node_modules\jsdom\lib\jsdom\living\events\EventTarget-impl.js:243:9)
Error: useAuth must be used within an AuthProvider
    at useAuth (C:/git/kanban.2/src/context/AuthContext.tsx:94:11)
    at Header (C:/git/kanban.2/src/components/layout/Header.tsx:42:42)
    at renderWithHooks (C:\git\kanban.2\node_modules\react-dom\cjs\react-dom.development.js:15486:18)
    at mountIndeterminateComponent (C:\git\kanban.2\node_modules\react-dom\cjs\react-dom.development.js:20103:13)
    at beginWork (C:\git\kanban.2\node_modules\react-dom\cjs\react-dom.development.js:21626:16)
    at HTMLUnknownElement.callCallback (C:\git\kanban.2\node_modules\react-dom\cjs\react-dom.development.js:4164:14)
    at HTMLUnknownElement.callTheUserObjectsOperation 
(C:\git\kanban.2\node_modules\jsdom\lib\generated\idl\EventListener.js:26:30)
    at innerInvokeEventListeners 
(C:\git\kanban.2\node_modules\jsdom\lib\jsdom\living\events\EventTarget-impl.js:360:16)
    at invokeEventListeners (C:\git\kanban.2\node_modules\jsdom\lib\jsdom\living\events\EventTarget-impl.js:296:3)
    at HTMLUnknownElementImpl._dispatch 
(C:\git\kanban.2\node_modules\jsdom\lib\jsdom\living\events\EventTarget-impl.js:243:9)
Error: useAuth must be used within an AuthProvider
    at useAuth (C:/git/kanban.2/src/context/AuthContext.tsx:94:11)
    at Header (C:/git/kanban.2/src/components/layout/Header.tsx:42:42)
    at renderWithHooks (C:\git\kanban.2\node_modules\react-dom\cjs\react-dom.development.js:15486:18)
    at mountIndeterminateComponent (C:\git\kanban.2\node_modules\react-dom\cjs\react-dom.development.js:20103:13)
    at beginWork (C:\git\kanban.2\node_modules\react-dom\cjs\react-dom.development.js:21626:16)
    at HTMLUnknownElement.callCallback (C:\git\kanban.2\node_modules\react-dom\cjs\react-dom.development.js:4164:14)
    at HTMLUnknownElement.callTheUserObjectsOperation 
(C:\git\kanban.2\node_modules\jsdom\lib\generated\idl\EventListener.js:26:30)
    at innerInvokeEventListeners 
(C:\git\kanban.2\node_modules\jsdom\lib\jsdom\living\events\EventTarget-impl.js:360:16)
    at invokeEventListeners (C:\git\kanban.2\node_modules\jsdom\lib\jsdom\living\events\EventTarget-impl.js:296:3)
    at HTMLUnknownElementImpl._dispatch 
(C:\git\kanban.2\node_modules\jsdom\lib\jsdom\living\events\EventTarget-impl.js:243:9)
Error: useAuth must be used within an AuthProvider
    at useAuth (C:/git/kanban.2/src/context/AuthContext.tsx:94:11)
    at Header (C:/git/kanban.2/src/components/layout/Header.tsx:42:42)
    at renderWithHooks (C:\git\kanban.2\node_modules\react-dom\cjs\react-dom.development.js:15486:18)
    at mountIndeterminateComponent (C:\git\kanban.2\node_modules\react-dom\cjs\react-dom.development.js:20103:13)
    at beginWork (C:\git\kanban.2\node_modules\react-dom\cjs\react-dom.development.js:21626:16)
    at HTMLUnknownElement.callCallback (C:\git\kanban.2\node_modules\react-dom\cjs\react-dom.development.js:4164:14)
    at HTMLUnknownElement.callTheUserObjectsOperation 
(C:\git\kanban.2\node_modules\jsdom\lib\generated\idl\EventListener.js:26:30)
    at innerInvokeEventListeners 
(C:\git\kanban.2\node_modules\jsdom\lib\jsdom\living\events\EventTarget-impl.js:360:16)
    at invokeEventListeners (C:\git\kanban.2\node_modules\jsdom\lib\jsdom\living\events\EventTarget-impl.js:296:3)
    at HTMLUnknownElementImpl._dispatch 
(C:\git\kanban.2\node_modules\jsdom\lib\jsdom\living\events\EventTarget-impl.js:243:9)
Error: useAuth must be used within an AuthProvider
    at useAuth (C:/git/kanban.2/src/context/AuthContext.tsx:94:11)
    at Header (C:/git/kanban.2/src/components/layout/Header.tsx:42:42)
    at renderWithHooks (C:\git\kanban.2\node_modules\react-dom\cjs\react-dom.development.js:15486:18)
    at mountIndeterminateComponent (C:\git\kanban.2\node_modules\react-dom\cjs\react-dom.development.js:20103:13)
    at beginWork (C:\git\kanban.2\node_modules\react-dom\cjs\react-dom.development.js:21626:16)
    at HTMLUnknownElement.callCallback (C:\git\kanban.2\node_modules\react-dom\cjs\react-dom.development.js:4164:14)
    at HTMLUnknownElement.callTheUserObjectsOperation 
(C:\git\kanban.2\node_modules\jsdom\lib\generated\idl\EventListener.js:26:30)
    at innerInvokeEventListeners 
(C:\git\kanban.2\node_modules\jsdom\lib\jsdom\living\events\EventTarget-impl.js:360:16)
    at invokeEventListeners (C:\git\kanban.2\node_modules\jsdom\lib\jsdom\living\events\EventTarget-impl.js:296:3)
    at HTMLUnknownElementImpl._dispatch 
(C:\git\kanban.2\node_modules\jsdom\lib\jsdom\living\events\EventTarget-impl.js:243:9)
Error: useAuth must be used within an AuthProvider
    at useAuth (C:/git/kanban.2/src/context/AuthContext.tsx:94:11)
    at Header (C:/git/kanban.2/src/components/layout/Header.tsx:42:42)
    at renderWithHooks (C:\git\kanban.2\node_modules\react-dom\cjs\react-dom.development.js:15486:18)
    at mountIndeterminateComponent (C:\git\kanban.2\node_modules\react-dom\cjs\react-dom.development.js:20103:13)
    at beginWork (C:\git\kanban.2\node_modules\react-dom\cjs\react-dom.development.js:21626:16)
    at HTMLUnknownElement.callCallback (C:\git\kanban.2\node_modules\react-dom\cjs\react-dom.development.js:4164:14)
    at HTMLUnknownElement.callTheUserObjectsOperation 
(C:\git\kanban.2\node_modules\jsdom\lib\generated\idl\EventListener.js:26:30)
    at innerInvokeEventListeners 
(C:\git\kanban.2\node_modules\jsdom\lib\jsdom\living\events\EventTarget-impl.js:360:16)
    at invokeEventListeners (C:\git\kanban.2\node_modules\jsdom\lib\jsdom\living\events\EventTarget-impl.js:296:3)
    at HTMLUnknownElementImpl._dispatch 
(C:\git\kanban.2\node_modules\jsdom\lib\jsdom\living\events\EventTarget-impl.js:243:9)
[90mstderr[2m | src/components/layout/Header.test.tsx[2m > [22m[2mHeader Component[2m > [22m[2mrenders dynamic 
page title
[22m[39mThe above error occurred in the <Header> component:

    at Header (C:/git/kanban.2/src/components/layout/Header.tsx:27:74)

Consider adding an error boundary to your tree to customize error handling behavior.
Visit https://reactjs.org/link/error-boundaries to learn more about error boundaries.

 [31m├ù[39m [30m[43m 0 [49m[39m src/components/layout/Header.test.tsx[2m > [22mHeader Component[2m > [22mrenders header with logo[33m 401[2mms[22m[39m
[31m   ÔåÆ useAuth must be used within an AuthProvider[39m
[90mstderr[2m | src/components/layout/Header.test.tsx[2m > [22m[2mHeader Component[2m > [22m[2mrenders theme 
toggle
[22m[39mThe above error occurred in the <Header> component:

    at Header (C:/git/kanban.2/src/components/layout/Header.tsx:27:74)

Consider adding an error boundary to your tree to customize error handling behavior.
Visit https://reactjs.org/link/error-boundaries to learn more about error boundaries.

[90mstderr[2m | src/components/layout/Header.test.tsx[2m > [22m[2mHeader Component[2m > [22m[2mrenders user 
menu
[22m[39mThe above error occurred in the <Header> component:

    at Header (C:/git/kanban.2/src/components/layout/Header.tsx:27:74)

Consider adding an error boundary to your tree to customize error handling behavior.
Visit https://reactjs.org/link/error-boundaries to learn more about error boundaries.

 [31m├ù[39m [30m[43m 0 [49m[39m src/components/layout/Header.test.tsx[2m > [22mHeader Component[2m > [22mrenders dynamic page title[32m 234[2mms[22m[39m
[31m   ÔåÆ useAuth must be used within an AuthProvider[39m
 [31m├ù[39m [30m[43m 0 [49m[39m src/components/layout/Header.test.tsx[2m > [22mHeader Component[2m > [22mrenders theme toggle[32m 22[2mms[22m[39m
[31m   ÔåÆ useAuth must be used within an AuthProvider[39m
[90mstderr[2m | src/components/layout/Header.test.tsx[2m > [22m[2mHeader Component[2m > [22m[2mhas correct 
ARIA labels
[22m[39mThe above error occurred in the <Header> component:

    at Header (C:/git/kanban.2/src/components/layout/Header.tsx:27:74)

Consider adding an error boundary to your tree to customize error handling behavior.
Visit https://reactjs.org/link/error-boundaries to learn more about error boundaries.

 [32mÔ£ô[39m [30m[43m 0 [49m[39m src/components/layout/UserMenu.test.tsx[2m > [22mUserMenu Component[2m > [22mrenders trigger button with avatar[33m 2118[2mms[22m[39m
 [32mÔ£ô[39m [30m[43m 0 [49m[39m src/components/layout/Sidebar.test.tsx[2m > [22mSidebar Component[2m > [22mrenders navigation on desktop[33m 1943[2mms[22m[39m
[90mstderr[2m | src/components/layout/Header.test.tsx[2m > [22m[2mHeader Component[2m > [22m[2mapplies dark 
mode classes
[22m[39mThe above error occurred in the <Header> component:

    at Header (C:/git/kanban.2/src/components/layout/Header.tsx:27:74)

Consider adding an error boundary to your tree to customize error handling behavior.
Visit https://reactjs.org/link/error-boundaries to learn more about error boundaries.

 [32mÔ£ô[39m [30m[43m 0 [49m[39m src/components/layout/UserMenu.test.tsx[2m > [22mUserMenu Component[2m > [22mopens dropdown on click[32m 292[2mms[22m[39m
 [32mÔ£ô[39m [30m[43m 0 [49m[39m src/components/layout/Sidebar.test.tsx[2m > [22mSidebar Component[2m > [22mrenders all navigation items[32m 100[2mms[22m[39m
 [32mÔ£ô[39m [30m[43m 0 [49m[39m src/components/layout/UserMenu.test.tsx[2m > [22mUserMenu Component[2m > [22mcloses dropdown on escape key[32m 259[2mms[22m[39m
 [32mÔ£ô[39m [30m[43m 0 [49m[39m src/components/layout/Sidebar.test.tsx[2m > [22mSidebar Component[2m > [22mrenders mobile hamburger button[32m 208[2mms[22m[39m
 [31m├ù[39m [30m[43m 0 [49m[39m src/components/layout/Header.test.tsx[2m > [22mHeader Component[2m > [22mrenders user menu[32m 140[2mms[22m[39m
[31m   ÔåÆ useAuth must be used within an AuthProvider[39m
 [31m├ù[39m [30m[43m 0 [49m[39m src/components/layout/Header.test.tsx[2m > [22mHeader Component[2m > [22mhas correct ARIA labels[32m 20[2mms[22m[39m
[31m   ÔåÆ useAuth must be used within an AuthProvider[39m
 [31m├ù[39m [30m[43m 0 [49m[39m src/components/layout/Header.test.tsx[2m > [22mHeader Component[2m > [22mapplies dark mode classes[32m 14[2mms[22m[39m
[31m   ÔåÆ useAuth must be used within an AuthProvider[39m
 [32mÔ£ô[39m [30m[43m 0 [49m[39m src/components/layout/UserMenu.test.tsx[2m > [22mUserMenu Component[2m > [22mhas aria-expanded attribute[32m 166[2mms[22m[39m
 [32mÔ£ô[39m [30m[43m 0 [49m[39m src/components/layout/UserMenu.test.tsx[2m > [22mUserMenu Component[2m > [22mcloses on outside click[32m 254[2mms[22m[39m
 [32mÔ£ô[39m [30m[43m 0 [49m[39m src/components/layout/Sidebar.test.tsx[2m > [22mSidebar Component[2m > [22mopens drawer on hamburger click[33m 376[2mms[22m[39m
 [32mÔ£ô[39m [30m[43m 0 [49m[39m src/components/layout/UserMenu.test.tsx[2m > [22mUserMenu Component[2m > [22mhas profile and logout menu items[32m 145[2mms[22m[39m
 [31m├ù[39m [30m[43m 0 [49m[39m src/components/layout/Sidebar.test.tsx[2m > [22mSidebar Component[2m > [22mmarks active link with aria-current[33m 413[2mms[22m[39m
[31m   ÔåÆ [2mexpect([22m[31melement[31m[2m).toHaveAttribute([22m[32m[32m"aria-current"[32m[31m[2m, [22m[32m[32m"page"[32m[31m[2m) // element.getAttribute("aria-current") === "page"[22m

Expected the element to have attribute:
[32m  aria-current="page"[31m
Received:
[31m  null[31m[39m
 [31m├ù[39m [30m[43m 0 [49m[39m src/components/layout/Sidebar.test.tsx[2m > [22mSidebar Component[2m > [22mapplies active styles to current route[33m 301[2mms[22m[39m
[31m   ÔåÆ [2mexpect([22m[31melement[31m[2m).toHaveClass([22m[32m[32m"bg-emerald-50"[32m[31m[2m)[22m

Expected the element to have class:
[32m  bg-emerald-50[31m
Received:
[31m  flex items-center gap-3 rounded-lg px-4 py-3 text-sm font-medium transition-colors focus:outline-none focus:ring-2 focus:ring-primary focus:ring-offset-2 dark:focus:ring-offset-surface text-text-primary hover:bg-surface-container-low[31m[39m
 [31m├ù[39m [30m[43m 0 [49m[39m src/components/layout/Sidebar.test.tsx[2m > [22mSidebar Component[2m > [22mapplies dark mode classes[32m 66[2mms[22m[39m
[31m   ÔåÆ [2mexpect([22m[31melement[31m[2m).toHaveClass([22m[32m[32m"dark:bg-gray-900"[32m[31m[2m)[22m

Expected the element to have class:
[32m  dark:bg-gray-900[31m
Received:
[31m  hidden md:flex flex-col w-64 border-r border-surface-container-low bg-surface-bright dark:bg-surface-container-highest h-[calc(100vh-4rem)] overflow-y-auto[31m[39m
 [31m├ù[39m [30m[43m 0 [49m[39m src/components/layout/UserMenu.test.tsx[2m > [22mUserMenu Component[2m > [22mapplies dark mode styles[32m 117[2mms[22m[39m
[31m   ÔåÆ [2mexpect([22m[31melement[31m[2m).toHaveClass([22m[32m[32m"dark:text-gray-200"[32m[31m[2m)[22m

Expected the element to have class:
[32m  dark:text-gray-200[31m
Received:
[31m  flex items-center gap-2 rounded-lg px-3 py-2 text-sm font-medium text-text-primary hover:bg-surface-container-low focus:outline-none focus:ring-2 focus:ring-primary focus:ring-offset-2 dark:focus:ring-offset-surface transition-colors[31m[39m
 [32mÔ£ô[39m [30m[43m 0 [49m[39m src/components/layout/Sidebar.test.tsx[2m > [22mSidebar Component[2m > [22mrenders nav links as internal links[32m 116[2mms[22m[39m
Error: useAuth must be used within an AuthProvider
    at useAuth (C:/git/kanban.2/src/context/AuthContext.tsx:94:11)
    at RootLayout (C:/git/kanban.2/src/components/layout/RootLayout.tsx:43:42)
    at renderWithHooks (C:\git\kanban.2\node_modules\react-dom\cjs\react-dom.development.js:15486:18)
    at mountIndeterminateComponent (C:\git\kanban.2\node_modules\react-dom\cjs\react-dom.development.js:20103:13)
    at beginWork (C:\git\kanban.2\node_modules\react-dom\cjs\react-dom.development.js:21626:16)
    at HTMLUnknownElement.callCallback (C:\git\kanban.2\node_modules\react-dom\cjs\react-dom.development.js:4164:14)
    at HTMLUnknownElement.callTheUserObjectsOperation 
(C:\git\kanban.2\node_modules\jsdom\lib\generated\idl\EventListener.js:26:30)
    at innerInvokeEventListeners 
(C:\git\kanban.2\node_modules\jsdom\lib\jsdom\living\events\EventTarget-impl.js:360:16)
    at invokeEventListeners (C:\git\kanban.2\node_modules\jsdom\lib\jsdom\living\events\EventTarget-impl.js:296:3)
    at HTMLUnknownElementImpl._dispatch 
(C:\git\kanban.2\node_modules\jsdom\lib\jsdom\living\events\EventTarget-impl.js:243:9)
Error: useAuth must be used within an AuthProvider
    at useAuth (C:/git/kanban.2/src/context/AuthContext.tsx:94:11)
    at RootLayout (C:/git/kanban.2/src/components/layout/RootLayout.tsx:43:42)
    at renderWithHooks (C:\git\kanban.2\node_modules\react-dom\cjs\react-dom.development.js:15486:18)
    at mountIndeterminateComponent (C:\git\kanban.2\node_modules\react-dom\cjs\react-dom.development.js:20103:13)
    at beginWork (C:\git\kanban.2\node_modules\react-dom\cjs\react-dom.development.js:21626:16)
    at HTMLUnknownElement.callCallback (C:\git\kanban.2\node_modules\react-dom\cjs\react-dom.development.js:4164:14)
    at HTMLUnknownElement.callTheUserObjectsOperation 
(C:\git\kanban.2\node_modules\jsdom\lib\generated\idl\EventListener.js:26:30)
    at innerInvokeEventListeners 
(C:\git\kanban.2\node_modules\jsdom\lib\jsdom\living\events\EventTarget-impl.js:360:16)
    at invokeEventListeners (C:\git\kanban.2\node_modules\jsdom\lib\jsdom\living\events\EventTarget-impl.js:296:3)
    at HTMLUnknownElementImpl._dispatch 
(C:\git\kanban.2\node_modules\jsdom\lib\jsdom\living\events\EventTarget-impl.js:243:9)
[90mstderr[2m | src/components/layout/RootLayout.test.tsx[2m > [22m[2mRootLayout Component[2m > [22m[2mrenders 
header
[22m[39mThe above error occurred in the <RootLayout> component:

    at RootLayout (C:/git/kanban.2/src/components/layout/RootLayout.tsx:17:23)

Consider adding an error boundary to your tree to customize error handling behavior.
Visit https://reactjs.org/link/error-boundaries to learn more about error boundaries.

Error: useAuth must be used within an AuthProvider
    at useAuth (C:/git/kanban.2/src/context/AuthContext.tsx:94:11)
    at RootLayout (C:/git/kanban.2/src/components/layout/RootLayout.tsx:43:42)
    at renderWithHooks (C:\git\kanban.2\node_modules\react-dom\cjs\react-dom.development.js:15486:18)
    at mountIndeterminateComponent (C:\git\kanban.2\node_modules\react-dom\cjs\react-dom.development.js:20103:13)
    at beginWork (C:\git\kanban.2\node_modules\react-dom\cjs\react-dom.development.js:21626:16)
    at HTMLUnknownElement.callCallback (C:\git\kanban.2\node_modules\react-dom\cjs\react-dom.development.js:4164:14)
    at HTMLUnknownElement.callTheUserObjectsOperation 
(C:\git\kanban.2\node_modules\jsdom\lib\generated\idl\EventListener.js:26:30)
    at innerInvokeEventListeners 
(C:\git\kanban.2\node_modules\jsdom\lib\jsdom\living\events\EventTarget-impl.js:360:16)
    at invokeEventListeners (C:\git\kanban.2\node_modules\jsdom\lib\jsdom\living\events\EventTarget-impl.js:296:3)
    at HTMLUnknownElementImpl._dispatch 
(C:\git\kanban.2\node_modules\jsdom\lib\jsdom\living\events\EventTarget-impl.js:243:9)
Error: useAuth must be used within an AuthProvider
    at useAuth (C:/git/kanban.2/src/context/AuthContext.tsx:94:11)
    at RootLayout (C:/git/kanban.2/src/components/layout/RootLayout.tsx:43:42)
    at renderWithHooks (C:\git\kanban.2\node_modules\react-dom\cjs\react-dom.development.js:15486:18)
    at mountIndeterminateComponent (C:\git\kanban.2\node_modules\react-dom\cjs\react-dom.development.js:20103:13)
    at beginWork (C:\git\kanban.2\node_modules\react-dom\cjs\react-dom.development.js:21626:16)
    at HTMLUnknownElement.callCallback (C:\git\kanban.2\node_modules\react-dom\cjs\react-dom.development.js:4164:14)
    at HTMLUnknownElement.callTheUserObjectsOperation 
(C:\git\kanban.2\node_modules\jsdom\lib\generated\idl\EventListener.js:26:30)
    at innerInvokeEventListeners 
(C:\git\kanban.2\node_modules\jsdom\lib\jsdom\living\events\EventTarget-impl.js:360:16)
    at invokeEventListeners (C:\git\kanban.2\node_modules\jsdom\lib\jsdom\living\events\EventTarget-impl.js:296:3)
    at HTMLUnknownElementImpl._dispatch 
(C:\git\kanban.2\node_modules\jsdom\lib\jsdom\living\events\EventTarget-impl.js:243:9)
Error: useAuth must be used within an AuthProvider
    at useAuth (C:/git/kanban.2/src/context/AuthContext.tsx:94:11)
    at RootLayout (C:/git/kanban.2/src/components/layout/RootLayout.tsx:43:42)
    at renderWithHooks (C:\git\kanban.2\node_modules\react-dom\cjs\react-dom.development.js:15486:18)
    at mountIndeterminateComponent (C:\git\kanban.2\node_modules\react-dom\cjs\react-dom.development.js:20103:13)
    at beginWork (C:\git\kanban.2\node_modules\react-dom\cjs\react-dom.development.js:21626:16)
    at HTMLUnknownElement.callCallback (C:\git\kanban.2\node_modules\react-dom\cjs\react-dom.development.js:4164:14)
    at HTMLUnknownElement.callTheUserObjectsOperation 
(C:\git\kanban.2\node_modules\jsdom\lib\generated\idl\EventListener.js:26:30)
    at innerInvokeEventListeners 
(C:\git\kanban.2\node_modules\jsdom\lib\jsdom\living\events\EventTarget-impl.js:360:16)
    at invokeEventListeners (C:\git\kanban.2\node_modules\jsdom\lib\jsdom\living\events\EventTarget-impl.js:296:3)
    at HTMLUnknownElementImpl._dispatch 
(C:\git\kanban.2\node_modules\jsdom\lib\jsdom\living\events\EventTarget-impl.js:243:9)
Error: useAuth must be used within an AuthProvider
    at useAuth (C:/git/kanban.2/src/context/AuthContext.tsx:94:11)
    at RootLayout (C:/git/kanban.2/src/components/layout/RootLayout.tsx:43:42)
    at renderWithHooks (C:\git\kanban.2\node_modules\react-dom\cjs\react-dom.development.js:15486:18)
    at mountIndeterminateComponent (C:\git\kanban.2\node_modules\react-dom\cjs\react-dom.development.js:20103:13)
    at beginWork (C:\git\kanban.2\node_modules\react-dom\cjs\react-dom.development.js:21626:16)
    at HTMLUnknownElement.callCallback (C:\git\kanban.2\node_modules\react-dom\cjs\react-dom.development.js:4164:14)
    at HTMLUnknownElement.callTheUserObjectsOperation 
(C:\git\kanban.2\node_modules\jsdom\lib\generated\idl\EventListener.js:26:30)
    at innerInvokeEventListeners 
(C:\git\kanban.2\node_modules\jsdom\lib\jsdom\living\events\EventTarget-impl.js:360:16)
    at invokeEventListeners (C:\git\kanban.2\node_modules\jsdom\lib\jsdom\living\events\EventTarget-impl.js:296:3)
    at HTMLUnknownElementImpl._dispatch 
(C:\git\kanban.2\node_modules\jsdom\lib\jsdom\living\events\EventTarget-impl.js:243:9)
Error: useAuth must be used within an AuthProvider
    at useAuth (C:/git/kanban.2/src/context/AuthContext.tsx:94:11)
    at RootLayout (C:/git/kanban.2/src/components/layout/RootLayout.tsx:43:42)
    at renderWithHooks (C:\git\kanban.2\node_modules\react-dom\cjs\react-dom.development.js:15486:18)
    at mountIndeterminateComponent (C:\git\kanban.2\node_modules\react-dom\cjs\react-dom.development.js:20103:13)
    at beginWork (C:\git\kanban.2\node_modules\react-dom\cjs\react-dom.development.js:21626:16)
    at HTMLUnknownElement.callCallback (C:\git\kanban.2\node_modules\react-dom\cjs\react-dom.development.js:4164:14)
    at HTMLUnknownElement.callTheUserObjectsOperation 
(C:\git\kanban.2\node_modules\jsdom\lib\generated\idl\EventListener.js:26:30)
    at innerInvokeEventListeners 
(C:\git\kanban.2\node_modules\jsdom\lib\jsdom\living\events\EventTarget-impl.js:360:16)
    at invokeEventListeners (C:\git\kanban.2\node_modules\jsdom\lib\jsdom\living\events\EventTarget-impl.js:296:3)
    at HTMLUnknownElementImpl._dispatch 
(C:\git\kanban.2\node_modules\jsdom\lib\jsdom\living\events\EventTarget-impl.js:243:9)
Error: useAuth must be used within an AuthProvider
    at useAuth (C:/git/kanban.2/src/context/AuthContext.tsx:94:11)
    at RootLayout (C:/git/kanban.2/src/components/layout/RootLayout.tsx:43:42)
    at renderWithHooks (C:\git\kanban.2\node_modules\react-dom\cjs\react-dom.development.js:15486:18)
    at mountIndeterminateComponent (C:\git\kanban.2\node_modules\react-dom\cjs\react-dom.development.js:20103:13)
    at beginWork (C:\git\kanban.2\node_modules\react-dom\cjs\react-dom.development.js:21626:16)
    at HTMLUnknownElement.callCallback (C:\git\kanban.2\node_modules\react-dom\cjs\react-dom.development.js:4164:14)
    at HTMLUnknownElement.callTheUserObjectsOperation 
(C:\git\kanban.2\node_modules\jsdom\lib\generated\idl\EventListener.js:26:30)
    at innerInvokeEventListeners 
(C:\git\kanban.2\node_modules\jsdom\lib\jsdom\living\events\EventTarget-impl.js:360:16)
    at invokeEventListeners (C:\git\kanban.2\node_modules\jsdom\lib\jsdom\living\events\EventTarget-impl.js:296:3)
    at HTMLUnknownElementImpl._dispatch 
(C:\git\kanban.2\node_modules\jsdom\lib\jsdom\living\events\EventTarget-impl.js:243:9)
Error: useAuth must be used within an AuthProvider
    at useAuth (C:/git/kanban.2/src/context/AuthContext.tsx:94:11)
    at RootLayout (C:/git/kanban.2/src/components/layout/RootLayout.tsx:43:42)
    at renderWithHooks (C:\git\kanban.2\node_modules\react-dom\cjs\react-dom.development.js:15486:18)
    at mountIndeterminateComponent (C:\git\kanban.2\node_modules\react-dom\cjs\react-dom.development.js:20103:13)
    at beginWork (C:\git\kanban.2\node_modules\react-dom\cjs\react-dom.development.js:21626:16)
    at HTMLUnknownElement.callCallback (C:\git\kanban.2\node_modules\react-dom\cjs\react-dom.development.js:4164:14)
    at HTMLUnknownElement.callTheUserObjectsOperation 
(C:\git\kanban.2\node_modules\jsdom\lib\generated\idl\EventListener.js:26:30)
    at innerInvokeEventListeners 
(C:\git\kanban.2\node_modules\jsdom\lib\jsdom\living\events\EventTarget-impl.js:360:16)
    at invokeEventListeners (C:\git\kanban.2\node_modules\jsdom\lib\jsdom\living\events\EventTarget-impl.js:296:3)
    at HTMLUnknownElementImpl._dispatch 
(C:\git\kanban.2\node_modules\jsdom\lib\jsdom\living\events\EventTarget-impl.js:243:9)
Error: useAuth must be used within an AuthProvider
    at useAuth (C:/git/kanban.2/src/context/AuthContext.tsx:94:11)
    at RootLayout (C:/git/kanban.2/src/components/layout/RootLayout.tsx:43:42)
    at renderWithHooks (C:\git\kanban.2\node_modules\react-dom\cjs\react-dom.development.js:15486:18)
    at mountIndeterminateComponent (C:\git\kanban.2\node_modules\react-dom\cjs\react-dom.development.js:20103:13)
    at beginWork (C:\git\kanban.2\node_modules\react-dom\cjs\react-dom.development.js:21626:16)
    at HTMLUnknownElement.callCallback (C:\git\kanban.2\node_modules\react-dom\cjs\react-dom.development.js:4164:14)
    at HTMLUnknownElement.callTheUserObjectsOperation 
(C:\git\kanban.2\node_modules\jsdom\lib\generated\idl\EventListener.js:26:30)
    at innerInvokeEventListeners 
(C:\git\kanban.2\node_modules\jsdom\lib\jsdom\living\events\EventTarget-impl.js:360:16)
    at invokeEventListeners (C:\git\kanban.2\node_modules\jsdom\lib\jsdom\living\events\EventTarget-impl.js:296:3)
    at HTMLUnknownElementImpl._dispatch 
(C:\git\kanban.2\node_modules\jsdom\lib\jsdom\living\events\EventTarget-impl.js:243:9)
Error: useAuth must be used within an AuthProvider
    at useAuth (C:/git/kanban.2/src/context/AuthContext.tsx:94:11)
    at RootLayout (C:/git/kanban.2/src/components/layout/RootLayout.tsx:43:42)
    at renderWithHooks (C:\git\kanban.2\node_modules\react-dom\cjs\react-dom.development.js:15486:18)
    at mountIndeterminateComponent (C:\git\kanban.2\node_modules\react-dom\cjs\react-dom.development.js:20103:13)
    at beginWork (C:\git\kanban.2\node_modules\react-dom\cjs\react-dom.development.js:21626:16)
    at HTMLUnknownElement.callCallback (C:\git\kanban.2\node_modules\react-dom\cjs\react-dom.development.js:4164:14)
    at HTMLUnknownElement.callTheUserObjectsOperation 
(C:\git\kanban.2\node_modules\jsdom\lib\generated\idl\EventListener.js:26:30)
    at innerInvokeEventListeners 
(C:\git\kanban.2\node_modules\jsdom\lib\jsdom\living\events\EventTarget-impl.js:360:16)
    at invokeEventListeners (C:\git\kanban.2\node_modules\jsdom\lib\jsdom\living\events\EventTarget-impl.js:296:3)
    at HTMLUnknownElementImpl._dispatch 
(C:\git\kanban.2\node_modules\jsdom\lib\jsdom\living\events\EventTarget-impl.js:243:9)
Error: useAuth must be used within an AuthProvider
    at useAuth (C:/git/kanban.2/src/context/AuthContext.tsx:94:11)
    at RootLayout (C:/git/kanban.2/src/components/layout/RootLayout.tsx:43:42)
    at renderWithHooks (C:\git\kanban.2\node_modules\react-dom\cjs\react-dom.development.js:15486:18)
    at mountIndeterminateComponent (C:\git\kanban.2\node_modules\react-dom\cjs\react-dom.development.js:20103:13)
    at beginWork (C:\git\kanban.2\node_modules\react-dom\cjs\react-dom.development.js:21626:16)
    at HTMLUnknownElement.callCallback (C:\git\kanban.2\node_modules\react-dom\cjs\react-dom.development.js:4164:14)
    at HTMLUnknownElement.callTheUserObjectsOperation 
(C:\git\kanban.2\node_modules\jsdom\lib\generated\idl\EventListener.js:26:30)
    at innerInvokeEventListeners 
(C:\git\kanban.2\node_modules\jsdom\lib\jsdom\living\events\EventTarget-impl.js:360:16)
    at invokeEventListeners (C:\git\kanban.2\node_modules\jsdom\lib\jsdom\living\events\EventTarget-impl.js:296:3)
    at HTMLUnknownElementImpl._dispatch 
(C:\git\kanban.2\node_modules\jsdom\lib\jsdom\living\events\EventTarget-impl.js:243:9)
[90mstderr[2m | src/components/layout/RootLayout.test.tsx[2m > [22m[2mRootLayout Component[2m > [22m[2mrenders 
sidebar on protected pages
[22m[39mThe above error occurred in the <RootLayout> component:

    at RootLayout (C:/git/kanban.2/src/components/layout/RootLayout.tsx:17:23)

Consider adding an error boundary to your tree to customize error handling behavior.
Visit https://reactjs.org/link/error-boundaries to learn more about error boundaries.

[90mstderr[2m | src/components/layout/RootLayout.test.tsx[2m > [22m[2mRootLayout Component[2m > [22m[2mrenders 
children content
[22m[39mThe above error occurred in the <RootLayout> component:

    at RootLayout (C:/git/kanban.2/src/components/layout/RootLayout.tsx:17:23)

Consider adding an error boundary to your tree to customize error handling behavior.
Visit https://reactjs.org/link/error-boundaries to learn more about error boundaries.

[90mstderr[2m | src/components/layout/RootLayout.test.tsx[2m > [22m[2mRootLayout Component[2m > [22m[2mhas 
main role on content area
[22m[39mThe above error occurred in the <RootLayout> component:

    at RootLayout (C:/git/kanban.2/src/components/layout/RootLayout.tsx:17:23)

Consider adding an error boundary to your tree to customize error handling behavior.
Visit https://reactjs.org/link/error-boundaries to learn more about error boundaries.

[90mstderr[2m | src/components/layout/RootLayout.test.tsx[2m > [22m[2mRootLayout Component[2m > [22m[2mapplies 
correct layout classes
[22m[39mThe above error occurred in the <RootLayout> component:

    at RootLayout (C:/git/kanban.2/src/components/layout/RootLayout.tsx:17:23)

Consider adding an error boundary to your tree to customize error handling behavior.
Visit https://reactjs.org/link/error-boundaries to learn more about error boundaries.

 [31m├ù[39m [30m[43m 0 [49m[39m src/components/layout/RootLayout.test.tsx[2m > [22mRootLayout Component[2m > [22mrenders header[33m 313[2mms[22m[39m
[31m   ÔåÆ useAuth must be used within an AuthProvider[39m
 [31m├ù[39m [30m[43m 0 [49m[39m src/components/layout/RootLayout.test.tsx[2m > [22mRootLayout Component[2m > [22mrenders sidebar on protected pages[32m 51[2mms[22m[39m
[31m   ÔåÆ useAuth must be used within an AuthProvider[39m
 [31m├ù[39m [30m[43m 0 [49m[39m src/components/layout/RootLayout.test.tsx[2m > [22mRootLayout Component[2m > [22mrenders children content[32m 15[2mms[22m[39m
[31m   ÔåÆ useAuth must be used within an AuthProvider[39m
 [31m├ù[39m [30m[43m 0 [49m[39m src/components/layout/RootLayout.test.tsx[2m > [22mRootLayout Component[2m > [22mhas main role on content area[32m 14[2mms[22m[39m
[31m   ÔåÆ useAuth must be used within an AuthProvider[39m
[90mstderr[2m | src/components/layout/RootLayout.test.tsx[2m > [22m[2mRootLayout Component[2m > [22m[2mapplies 
dark mode classes
[22m[39mThe above error occurred in the <RootLayout> component:

    at RootLayout (C:/git/kanban.2/src/components/layout/RootLayout.tsx:17:23)

Consider adding an error boundary to your tree to customize error handling behavior.
Visit https://reactjs.org/link/error-boundaries to learn more about error boundaries.

 [31m├ù[39m [30m[43m 0 [49m[39m src/components/layout/RootLayout.test.tsx[2m > [22mRootLayout Component[2m > [22mapplies correct layout classes[32m 36[2mms[22m[39m
[31m   ÔåÆ useAuth must be used within an AuthProvider[39m
 [31m├ù[39m [30m[43m 0 [49m[39m src/components/layout/RootLayout.test.tsx[2m > [22mRootLayout Component[2m > [22mapplies dark mode classes[32m 11[2mms[22m[39m
[31m   ÔåÆ useAuth must be used within an AuthProvider[39m
 [32mÔ£ô[39m [30m[43m 0 [49m[39m src/components/ui/molecules/ConversationCard.test.tsx[2m > [22mConversationCard[2m > [22mrendering[2m > [22mshould render name[33m 394[2mms[22m[39m
 [32mÔ£ô[39m [30m[43m 0 [49m[39m src/components/ui/molecules/ConversationCard.test.tsx[2m > [22mConversationCard[2m > [22mrendering[2m > [22mshould render phone[32m 15[2mms[22m[39m
 [32mÔ£ô[39m [30m[43m 0 [49m[39m src/components/ui/molecules/ConversationCard.test.tsx[2m > [22mConversationCard[2m > [22mrendering[2m > [22mshould render timestamp[32m 14[2mms[22m[39m
 [32mÔ£ô[39m [30m[43m 0 [49m[39m src/components/ui/molecules/ConversationCard.test.tsx[2m > [22mConversationCard[2m > [22mrendering[2m > [22mshould render lastMessage when under 80 chars[32m 49[2mms[22m[39m
 [32mÔ£ô[39m [30m[43m 0 [49m[39m src/components/ui/molecules/ConversationCard.test.tsx[2m > [22mConversationCard[2m > [22mrendering[2m > [22mshould truncate lastMessage over 80 chars with ellipsis[32m 16[2mms[22m[39m
 [32mÔ£ô[39m [30m[43m 0 [49m[39m src/components/ui/molecules/ConversationCard.test.tsx[2m > [22mConversationCard[2m > [22mrendering[2m > [22mshould show unread badge when unreadCount > 0[32m 38[2mms[22m[39m
 [32mÔ£ô[39m [30m[43m 0 [49m[39m src/components/ui/molecules/ConversationCard.test.tsx[2m > [22mConversationCard[2m > [22mrendering[2m > [22mshould not show unread badge when unreadCount is 0[32m 15[2mms[22m[39m
 [32mÔ£ô[39m [30m[43m 0 [49m[39m src/components/ui/organisms/KanbanBoard.test.tsx[2m > [22mKanbanBoard[2m > [22mrendering[2m > [22mshould render children[32m 299[2mms[22m[39m
 [32mÔ£ô[39m [30m[43m 0 [49m[39m src/components/ui/organisms/KanbanBoard.test.tsx[2m > [22mKanbanBoard[2m > [22mrendering[2m > [22mshould apply custom className[32m 13[2mms[22m[39m
 [32mÔ£ô[39m [30m[43m 0 [49m[39m src/components/ui/organisms/KanbanBoard.test.tsx[2m > [22mKanbanBoard[2m > [22mrendering[2m > [22mshould render as a div[32m 17[2mms[22m[39m
 [32mÔ£ô[39m [30m[43m 0 [49m[39m src/components/ui/organisms/KanbanBoard.test.tsx[2m > [22mKanbanBoard[2m > [22maccessibility[2m > [22mshould have no a11y violations[33m 1147[2mms[22m[39m
 [32mÔ£ô[39m [30m[43m 0 [49m[39m src/components/ui/molecules/ConversationCard.test.tsx[2m > [22mConversationCard[2m > [22mrendering[2m > [22mshould not show unread badge when unreadCount is undefined[32m 34[2mms[22m[39m
 [32mÔ£ô[39m [30m[43m 0 [49m[39m src/components/ui/molecules/ConversationCard.test.tsx[2m > [22mConversationCard[2m > [22maccessibility attributes[2m > [22mshould have role="button"[33m 981[2mms[22m[39m
 [32mÔ£ô[39m [30m[43m 0 [49m[39m src/components/ui/molecules/ConversationCard.test.tsx[2m > [22mConversationCard[2m > [22maccessibility attributes[2m > [22mshould have tabIndex={0}[32m 121[2mms[22m[39m
 [32mÔ£ô[39m [30m[43m 0 [49m[39m src/components/ui/molecules/ConversationCard.test.tsx[2m > [22mConversationCard[2m > [22maccessibility attributes[2m > [22mshould have descriptive aria-label[32m 95[2mms[22m[39m
 [32mÔ£ô[39m [30m[43m 0 [49m[39m src/components/ui/molecules/ConversationCard.test.tsx[2m > [22mConversationCard[2m > [22maccessibility attributes[2m > [22mshould have aria-pressed=false when not selected[32m 61[2mms[22m[39m
 [32mÔ£ô[39m [30m[43m 0 [49m[39m src/components/ui/molecules/ConversationCard.test.tsx[2m > [22mConversationCard[2m > [22maccessibility attributes[2m > [22mshould have aria-pressed=true when selected[32m 177[2mms[22m[39m
 [32mÔ£ô[39m [30m[43m 0 [49m[39m src/components/ui/molecules/ConversationCard.test.tsx[2m > [22mConversationCard[2m > [22minteraction[2m > [22mshould call onClick when clicked[32m 273[2mms[22m[39m
 [32mÔ£ô[39m [30m[43m 0 [49m[39m src/components/ui/molecules/ConversationCard.test.tsx[2m > [22mConversationCard[2m > [22minteraction[2m > [22mshould call onClick when Enter is pressed[32m 162[2mms[22m[39m
 [32mÔ£ô[39m [30m[43m 0 [49m[39m src/components/ui/molecules/ConversationCard.test.tsx[2m > [22mConversationCard[2m > [22minteraction[2m > [22mshould call onClick when Space is pressed[32m 81[2mms[22m[39m
 [32mÔ£ô[39m [30m[43m 0 [49m[39m src/components/ui/molecules/ConversationCard.test.tsx[2m > [22mConversationCard[2m > [22minteraction[2m > [22mshould not call onClick for other keys[32m 264[2mms[22m[39m
 [32mÔ£ô[39m [30m[43m 0 [49m[39m src/components/ui/molecules/ConversationCard.test.tsx[2m > [22mConversationCard[2m > [22maccessibility[2m > [22mshould have no a11y violations[33m 361[2mms[22m[39m
 [32mÔ£ô[39m [30m[43m 0 [49m[39m src/components/ui/molecules/ConversationCard.test.tsx[2m > [22mConversationCard[2m > [22maccessibility[2m > [22mshould have no a11y violations when selected[32m 280[2mms[22m[39m
 [32mÔ£ô[39m [30m[43m 0 [49m[39m src/components/ui/atoms/input.test.tsx[2m > [22mInput[2m > [22mrenders input element[32m 283[2mms[22m[39m
 [32mÔ£ô[39m [30m[43m 0 [49m[39m src/components/ui/atoms/input.test.tsx[2m > [22mInput[2m > [22mhandles text input[33m 1801[2mms[22m[39m
 [32mÔ£ô[39m [30m[43m 0 [49m[39m src/components/ui/atoms/input.test.tsx[2m > [22mInput[2m > [22mshows error state[32m 219[2mms[22m[39m
 [32mÔ£ô[39m [30m[43m 0 [49m[39m src/components/ui/atoms/input.test.tsx[2m > [22mInput[2m > [22mdisplays helper text[32m 39[2mms[22m[39m
 [32mÔ£ô[39m [30m[43m 0 [49m[39m src/components/ui/atoms/input.test.tsx[2m > [22mInput[2m > [22mhandles disabled state[32m 199[2mms[22m[39m
 [32mÔ£ô[39m [30m[43m 0 [49m[39m src/components/ui/atoms/input.test.tsx[2m > [22mInput[2m > [22mhandles different input types[32m 142[2mms[22m[39m
 [32mÔ£ô[39m [30m[43m 0 [49m[39m src/components/ui/atoms/input.test.tsx[2m > [22mInput[2m > [22mhas no accessibility violations[33m 505[2mms[22m[39m
 [32mÔ£ô[39m [30m[43m 0 [49m[39m src/components/ui/atoms/input.test.tsx[2m > [22mInput[2m > [22mfocuses when clicked[32m 153[2mms[22m[39m
 [32mÔ£ô[39m [30m[43m 0 [49m[39m src/components/ui/__tests__/theme-toggle.test.tsx[2m > [22mThemeToggle[2m > [22mrenders with initial light theme[33m 1633[2mms[22m[39m
 [32mÔ£ô[39m [30m[43m 0 [49m[39m src/components/ui/__tests__/theme-toggle.test.tsx[2m > [22mThemeToggle[2m > [22mrespects localStorage theme preference on mount[32m 147[2mms[22m[39m
 [32mÔ£ô[39m [30m[43m 0 [49m[39m src/components/ui/__tests__/theme-toggle.test.tsx[2m > [22mThemeToggle[2m > [22mtoggles theme when button is clicked[32m 209[2mms[22m[39m
 [32mÔ£ô[39m [30m[43m 0 [49m[39m src/components/ui/__tests__/theme-toggle.test.tsx[2m > [22mThemeToggle[2m > [22mpersists theme choice to localStorage[32m 167[2mms[22m[39m
 [32mÔ£ô[39m [30m[43m 0 [49m[39m src/components/ui/__tests__/theme-toggle.test.tsx[2m > [22mThemeToggle[2m > [22mhas proper accessibility attributes[32m 104[2mms[22m[39m
 [32mÔ£ô[39m [30m[43m 0 [49m[39m src/components/ui/__tests__/theme-toggle.test.tsx[2m > [22mThemeToggle[2m > [22mupdates aria-label and aria-pressed when toggling[33m 405[2mms[22m[39m
 [32mÔ£ô[39m [30m[43m 0 [49m[39m src/components/ui/__tests__/theme-toggle.test.tsx[2m > [22mThemeToggle[2m > [22mdisplays loading state during hydration[32m 104[2mms[22m[39m
 [32mÔ£ô[39m [30m[43m 0 [49m[39m src/components/ui/__tests__/theme-toggle.test.tsx[2m > [22mThemeToggle[2m > [22mapplies design system tokens for colors and spacing[32m 51[2mms[22m[39m
 [32mÔ£ô[39m [30m[43m 0 [49m[39m src/components/ui/__tests__/theme-toggle.test.tsx[2m > [22mThemeToggle[2m > [22msupports focus ring with proper offset[32m 254[2mms[22m[39m
 [32mÔ£ô[39m [30m[43m 0 [49m[39m src/components/ui/__tests__/theme-toggle.test.tsx[2m > [22mThemeToggle[2m > [22mapplies hover state with design tokens[32m 87[2mms[22m[39m
 [32mÔ£ô[39m [30m[43m 0 [49m[39m src/components/ui/atoms/button.test.tsx[2m > [22mButton[2m > [22mrenders with primary variant by default[33m 2093[2mms[22m[39m
 [32mÔ£ô[39m [30m[43m 0 [49m[39m src/components/ui/atoms/button.test.tsx[2m > [22mButton[2m > [22mrenders with secondary variant[32m 243[2mms[22m[39m
 [32mÔ£ô[39m [30m[43m 0 [49m[39m src/components/ui/atoms/button.test.tsx[2m > [22mButton[2m > [22mrenders with ghost variant[32m 67[2mms[22m[39m
 [32mÔ£ô[39m [30m[43m 0 [49m[39m src/components/ui/atoms/button.test.tsx[2m > [22mButton[2m > [22mrenders with different sizes[32m 230[2mms[22m[39m
 [32mÔ£ô[39m [30m[43m 0 [49m[39m src/components/ui/atoms/button.test.tsx[2m > [22mButton[2m > [22mhandles disabled state[32m 82[2mms[22m[39m
 [32mÔ£ô[39m [30m[43m 0 [49m[39m src/components/ui/atoms/button.test.tsx[2m > [22mButton[2m > [22mhandles loading state[32m 53[2mms[22m[39m
 [32mÔ£ô[39m [30m[43m 0 [49m[39m src/components/ui/atoms/button.test.tsx[2m > [22mButton[2m > [22mhandles click events[32m 275[2mms[22m[39m
 [32mÔ£ô[39m [30m[43m 0 [49m[39m src/components/ui/atoms/button.test.tsx[2m > [22mButton[2m > [22mrenders with icon[32m 22[2mms[22m[39m
 [32mÔ£ô[39m [30m[43m 0 [49m[39m src/components/ui/atoms/button.test.tsx[2m > [22mButton[2m > [22mhas no accessibility violations[32m 224[2mms[22m[39m
 [32mÔ£ô[39m [30m[43m 0 [49m[39m src/components/ui/atoms/button.test.tsx[2m > [22mButton[2m > [22mmaintains focus after click[32m 110[2mms[22m[39m
 [32mÔ£ô[39m [30m[43m 0 [49m[39m src/components/ui/organisms/KanbanColumn.test.tsx[2m > [22mKanbanColumn[2m > [22mrendering[2m > [22mshould render the column title[33m 658[2mms[22m[39m
 [32mÔ£ô[39m [30m[43m 0 [49m[39m src/components/ui/organisms/KanbanColumn.test.tsx[2m > [22mKanbanColumn[2m > [22mrendering[2m > [22mshould render count when provided[32m 64[2mms[22m[39m
 [32mÔ£ô[39m [30m[43m 0 [49m[39m src/components/ui/organisms/KanbanColumn.test.tsx[2m > [22mKanbanColumn[2m > [22mrendering[2m > [22mshould not render count when undefined[32m 20[2mms[22m[39m
 [32mÔ£ô[39m [30m[43m 0 [49m[39m src/components/ui/organisms/KanbanColumn.test.tsx[2m > [22mKanbanColumn[2m > [22mrendering[2m > [22mshould render children[32m 72[2mms[22m[39m
 [32mÔ£ô[39m [30m[43m 0 [49m[39m src/components/ui/organisms/KanbanColumn.test.tsx[2m > [22mKanbanColumn[2m > [22msemantics[2m > [22mshould render as a section element[32m 15[2mms[22m[39m
 [32mÔ£ô[39m [30m[43m 0 [49m[39m src/components/ui/organisms/KanbanColumn.test.tsx[2m > [22mKanbanColumn[2m > [22msemantics[2m > [22mshould have aria-label with column title[33m 1512[2mms[22m[39m
 [32mÔ£ô[39m [30m[43m 0 [49m[39m src/components/ui/organisms/KanbanColumn.test.tsx[2m > [22mKanbanColumn[2m > [22msemantics[2m > [22mshould have aria-live on cards container[32m 24[2mms[22m[39m
 [32mÔ£ô[39m [30m[43m 0 [49m[39m src/components/ui/organisms/KanbanColumn.test.tsx[2m > [22mKanbanColumn[2m > [22maccessibility[2m > [22mshould have no a11y violations[33m 441[2mms[22m[39m
 [32mÔ£ô[39m [30m[43m 0 [49m[39m src/components/ui/molecules/card.test.tsx[2m > [22mCard[2m > [22mrenders card container[32m 210[2mms[22m[39m
 [32mÔ£ô[39m [30m[43m 0 [49m[39m src/components/ui/molecules/card.test.tsx[2m > [22mCard[2m > [22mrenders with header and title[32m 124[2mms[22m[39m
 [32mÔ£ô[39m [30m[43m 0 [49m[39m src/components/ui/molecules/card.test.tsx[2m > [22mCard[2m > [22mrenders with description[32m 75[2mms[22m[39m
 [32mÔ£ô[39m [30m[43m 0 [49m[39m src/components/ui/molecules/KanbanSelector.test.tsx[2m > [22mKanbanSelector[2m > [22mrendering[2m > [22mshould render all options[33m 1315[2mms[22m[39m
 [32mÔ£ô[39m [30m[43m 0 [49m[39m src/components/ui/molecules/KanbanSelector.test.tsx[2m > [22mKanbanSelector[2m > [22mrendering[2m > [22mshould reflect the selected value[32m 251[2mms[22m[39m
 [32mÔ£ô[39m [30m[43m 0 [49m[39m src/components/ui/molecules/KanbanSelector.test.tsx[2m > [22mKanbanSelector[2m > [22mrendering[2m > [22mshould render empty when no options[32m 165[2mms[22m[39m
 [32mÔ£ô[39m [30m[43m 0 [49m[39m src/components/ui/molecules/KanbanSelector.test.tsx[2m > [22mKanbanSelector[2m > [22minteraction[2m > [22mshould call onValueChange when selection changes[33m 495[2mms[22m[39m
 [32mÔ£ô[39m [30m[43m 0 [49m[39m src/components/ui/molecules/card.test.tsx[2m > [22mCard[2m > [22mrenders complete card structure[32m 53[2mms[22m[39m
 [32mÔ£ô[39m [30m[43m 0 [49m[39m src/components/ui/molecules/card.test.tsx[2m > [22mCard[2m > [22mhas no accessibility violations[33m 1823[2mms[22m[39m
 [32mÔ£ô[39m [30m[43m 0 [49m[39m src/components/ui/molecules/KanbanSelector.test.tsx[2m > [22mKanbanSelector[2m > [22maccessibility attributes[2m > [22mshould accept and pass id prop to select[32m 106[2mms[22m[39m
 [32mÔ£ô[39m [30m[43m 0 [49m[39m src/components/ui/molecules/KanbanSelector.test.tsx[2m > [22mKanbanSelector[2m > [22maccessibility attributes[2m > [22mshould have aria-hidden on the chevron icon[32m 68[2mms[22m[39m
 [32mÔ£ô[39m [30m[43m 0 [49m[39m src/components/ui/molecules/KanbanSelector.test.tsx[2m > [22mKanbanSelector[2m > [22maccessibility[2m > [22mshould have no a11y violations[33m 911[2mms[22m[39m
 [32mÔ£ô[39m [30m[46m 1 [49m[39m tests/api/webhooks/evo-go.test.ts[2m > [22mEvo GO Webhook Handler[2m > [22mHMAC Signature Validation[2m > [22mshould accept valid HMAC-SHA256 signature[32m 78[2mms[22m[39m
 [32mÔ£ô[39m [30m[46m 1 [49m[39m tests/api/webhooks/evo-go.test.ts[2m > [22mEvo GO Webhook Handler[2m > [22mHMAC Signature Validation[2m > [22mshould reject invalid HMAC signature[32m 5[2mms[22m[39m
 [32mÔ£ô[39m [30m[46m 1 [49m[39m tests/api/webhooks/evo-go.test.ts[2m > [22mEvo GO Webhook Handler[2m > [22mHMAC Signature Validation[2m > [22mshould handle missing X-Signature header[32m 1[2mms[22m[39m
 [32mÔ£ô[39m [30m[46m 1 [49m[39m tests/api/webhooks/evo-go.test.ts[2m > [22mEvo GO Webhook Handler[2m > [22mHMAC Signature Validation[2m > [22mshould handle malformed X-Signature header[32m 4[2mms[22m[39m
 [32mÔ£ô[39m [30m[46m 1 [49m[39m tests/api/webhooks/evo-go.test.ts[2m > [22mEvo GO Webhook Handler[2m > [22mHMAC Signature Validation[2m > [22mshould use constant-time comparison[32m 1[2mms[22m[39m
 [32mÔ£ô[39m [30m[46m 1 [49m[39m tests/api/webhooks/evo-go.test.ts[2m > [22mEvo GO Webhook Handler[2m > [22mWebhook Payload Handling[2m > [22mshould accept CONNECTION_UPDATE event[32m 1[2mms[22m[39m
 [32mÔ£ô[39m [30m[46m 1 [49m[39m tests/api/webhooks/evo-go.test.ts[2m > [22mEvo GO Webhook Handler[2m > [22mWebhook Payload Handling[2m > [22mshould accept QRCODE_UPDATED event[32m 1[2mms[22m[39m
 [32mÔ£ô[39m [30m[46m 1 [49m[39m tests/api/webhooks/evo-go.test.ts[2m > [22mEvo GO Webhook Handler[2m > [22mWebhook Payload Handling[2m > [22mshould accept MESSAGES_UPSERT event[32m 1[2mms[22m[39m
 [32mÔ£ô[39m [30m[46m 1 [49m[39m tests/api/webhooks/evo-go.test.ts[2m > [22mEvo GO Webhook Handler[2m > [22mWebhook Payload Handling[2m > [22mshould handle unknown events gracefully[32m 4[2mms[22m[39m
 [32mÔ£ô[39m [30m[46m 1 [49m[39m tests/api/webhooks/evo-go.test.ts[2m > [22mEvo GO Webhook Handler[2m > [22mWebhook Payload Handling[2m > [22mshould handle malformed JSON body[32m 4[2mms[22m[39m
 [32mÔ£ô[39m [30m[46m 1 [49m[39m tests/api/webhooks/evo-go.test.ts[2m > [22mEvo GO Webhook Handler[2m > [22mWebhook Payload Handling[2m > [22mshould handle empty events array[32m 3[2mms[22m[39m
 [32mÔ£ô[39m [30m[46m 1 [49m[39m tests/api/webhooks/evo-go.test.ts[2m > [22mEvo GO Webhook Handler[2m > [22mQuery Parameter Extraction[2m > [22mshould require tenantId query parameter[32m 1[2mms[22m[39m
 [32mÔ£ô[39m [30m[46m 1 [49m[39m tests/api/webhooks/evo-go.test.ts[2m > [22mEvo GO Webhook Handler[2m > [22mQuery Parameter Extraction[2m > [22mshould extract tenantId from query parameter[32m 1[2mms[22m[39m
 [32mÔ£ô[39m [30m[46m 1 [49m[39m tests/api/webhooks/evo-go.test.ts[2m > [22mEvo GO Webhook Handler[2m > [22mQuery Parameter Extraction[2m > [22mshould handle URL-encoded tenantId[32m 2[2mms[22m[39m
 [32mÔ£ô[39m [30m[46m 1 [49m[39m tests/api/webhooks/evo-go.test.ts[2m > [22mEvo GO Webhook Handler[2m > [22mHTTP Response Codes[2m > [22mshould return 200 OK on successful processing[32m 128[2mms[22m[39m
 [32mÔ£ô[39m [30m[46m 1 [49m[39m tests/api/webhooks/evo-go.test.ts[2m > [22mEvo GO Webhook Handler[2m > [22mHTTP Response Codes[2m > [22mshould return 200 OK for unknown events[32m 3[2mms[22m[39m
 [32mÔ£ô[39m [30m[46m 1 [49m[39m tests/api/webhooks/evo-go.test.ts[2m > [22mEvo GO Webhook Handler[2m > [22mHTTP Response Codes[2m > [22mshould return 401 for invalid signature[32m 1[2mms[22m[39m
 [32mÔ£ô[39m [30m[46m 1 [49m[39m tests/api/webhooks/evo-go.test.ts[2m > [22mEvo GO Webhook Handler[2m > [22mHTTP Response Codes[2m > [22mshould return 400 for missing tenantId[32m 1[2mms[22m[39m
 [32mÔ£ô[39m [30m[46m 1 [49m[39m tests/api/webhooks/evo-go.test.ts[2m > [22mEvo GO Webhook Handler[2m > [22mHTTP Response Codes[2m > [22mshould return 200 even on processing errors[32m 0[2mms[22m[39m
 [32mÔ£ô[39m [30m[46m 1 [49m[39m tests/api/webhooks/evo-go.test.ts[2m > [22mEvo GO Webhook Handler[2m > [22mSecurity[2m > [22mshould never expose webhook secret in logs or errors[32m 0[2mms[22m[39m
 [32mÔ£ô[39m [30m[46m 1 [49m[39m tests/api/webhooks/evo-go.test.ts[2m > [22mEvo GO Webhook Handler[2m > [22mSecurity[2m > [22mshould validate signature before parsing JSON[32m 1[2mms[22m[39m
 [32mÔ£ô[39m [30m[46m 1 [49m[39m tests/api/webhooks/evo-go.test.ts[2m > [22mEvo GO Webhook Handler[2m > [22mSecurity[2m > [22mshould use timing-safe comparison for signatures[32m 1[2mms[22m[39m
 [32mÔ£ô[39m [30m[46m 1 [49m[39m tests/api/webhooks/evo-go.test.ts[2m > [22mEvo GO Webhook Handler[2m > [22mLogging[2m > [22mshould log CONNECTION_UPDATE events with event type and tenantId[32m 4[2mms[22m[39m
 [32mÔ£ô[39m [30m[46m 1 [49m[39m tests/api/webhooks/evo-go.test.ts[2m > [22mEvo GO Webhook Handler[2m > [22mLogging[2m > [22mshould log invalid signature attempts[32m 1[2mms[22m[39m
 [32mÔ£ô[39m [30m[46m 1 [49m[39m tests/api/webhooks/evo-go.test.ts[2m > [22mEvo GO Webhook Handler[2m > [22mLogging[2m > [22mshould not expose webhook secret in any logs[32m 3[2mms[22m[39m
 [32mÔ£ô[39m [30m[46m 1 [49m[39m tests/api/settings/evo-go-qr.integration.test.ts[2m > [22mPOST /api/settings/evo-go/qr - Integration Tests[2m > [22mSuccessful QR Code Generation[2m > [22mshould generate QR code and update tenant with instance_id[32m 220[2mms[22m[39m
 [32mÔ£ô[39m [30m[46m 1 [49m[39m tests/api/settings/evo-go-qr.integration.test.ts[2m > [22mPOST /api/settings/evo-go/qr - Integration Tests[2m > [22mSuccessful QR Code Generation[2m > [22mshould set connection_status to connecting initially[32m 1[2mms[22m[39m
 [32mÔ£ô[39m [30m[46m 1 [49m[39m tests/api/settings/evo-go-qr.integration.test.ts[2m > [22mPOST /api/settings/evo-go/qr - Integration Tests[2m > [22mSuccessful QR Code Generation[2m > [22mshould return expires_at timestamp[32m 2[2mms[22m[39m
 [32mÔ£ô[39m [30m[46m 1 [49m[39m tests/api/settings/evo-go-qr.integration.test.ts[2m > [22mPOST /api/settings/evo-go/qr - Integration Tests[2m > [22mError Scenarios - Evo GO API[2m > [22mshould return 401 when Evo GO API key is invalid[32m 1[2mms[22m[39m
 [32mÔ£ô[39m [30m[46m 1 [49m[39m tests/api/settings/evo-go-qr.integration.test.ts[2m > [22mPOST /api/settings/evo-go/qr - Integration Tests[2m > [22mError Scenarios - Evo GO API[2m > [22mshould handle 429 rate limiting with retry[32m 7[2mms[22m[39m
 [32mÔ£ô[39m [30m[46m 1 [49m[39m tests/api/settings/evo-go-qr.integration.test.ts[2m > [22mPOST /api/settings/evo-go/qr - Integration Tests[2m > [22mError Scenarios - Evo GO API[2m > [22mshould timeout after 5 seconds[32m 1[2mms[22m[39m
 [32mÔ£ô[39m [30m[46m 1 [49m[39m tests/api/settings/evo-go-qr.integration.test.ts[2m > [22mPOST /api/settings/evo-go/qr - Integration Tests[2m > [22mError Scenarios - Evo GO API[2m > [22mshould handle malformed JSON response[32m 1[2mms[22m[39m
 [32mÔ£ô[39m [30m[46m 1 [49m[39m tests/api/settings/evo-go-qr.integration.test.ts[2m > [22mPOST /api/settings/evo-go/qr - Integration Tests[2m > [22mError Scenarios - Evo GO API[2m > [22mshould handle Evo GO server error (500)[32m 1[2mms[22m[39m
 [32mÔ£ô[39m [30m[46m 1 [49m[39m tests/api/settings/evo-go-qr.integration.test.ts[2m > [22mPOST /api/settings/evo-go/qr - Integration Tests[2m > [22mError Scenarios - Authentication[2m > [22mshould return 401 when JWT is missing[32m 2[2mms[22m[39m
 [32mÔ£ô[39m [30m[46m 1 [49m[39m tests/api/settings/evo-go-qr.integration.test.ts[2m > [22mPOST /api/settings/evo-go/qr - Integration Tests[2m > [22mError Scenarios - Authentication[2m > [22mshould return 401 when JWT is invalid[32m 1[2mms[22m[39m
 [32mÔ£ô[39m [30m[46m 1 [49m[39m tests/api/settings/evo-go-qr.integration.test.ts[2m > [22mPOST /api/settings/evo-go/qr - Integration Tests[2m > [22mError Scenarios - Authentication[2m > [22mshould return 403 when tenant context is missing[32m 16[2mms[22m[39m
 [32mÔ£ô[39m [30m[46m 1 [49m[39m tests/api/settings/evo-go-qr.integration.test.ts[2m > [22mPOST /api/settings/evo-go/qr - Integration Tests[2m > [22mError Scenarios - Database[2m > [22mshould return 409 when instance already exists[32m 1[2mms[22m[39m
 [32mÔ£ô[39m [30m[46m 1 [49m[39m tests/api/settings/evo-go-qr.integration.test.ts[2m > [22mPOST /api/settings/evo-go/qr - Integration Tests[2m > [22mError Scenarios - Database[2m > [22mshould return 404 when tenant not found[32m 1[2mms[22m[39m
 [32mÔ£ô[39m [30m[46m 1 [49m[39m tests/api/settings/evo-go-qr.integration.test.ts[2m > [22mPOST /api/settings/evo-go/qr - Integration Tests[2m > [22mError Scenarios - Database[2m > [22mshould handle database update failure[32m 1[2mms[22m[39m
 [32mÔ£ô[39m [30m[46m 1 [49m[39m tests/api/settings/evo-go-qr.integration.test.ts[2m > [22mPOST /api/settings/evo-go/qr - Integration Tests[2m > [22mRequest/Response Contract[2m > [22mshould require POST method[32m 1[2mms[22m[39m
 [32mÔ£ô[39m [30m[46m 1 [49m[39m tests/api/settings/evo-go-qr.integration.test.ts[2m > [22mPOST /api/settings/evo-go/qr - Integration Tests[2m > [22mRequest/Response Contract[2m > [22mshould return JSON response with required fields[32m 1[2mms[22m[39m
 [32mÔ£ô[39m [30m[46m 1 [49m[39m tests/api/settings/evo-go-qr.integration.test.ts[2m > [22mPOST /api/settings/evo-go/qr - Integration Tests[2m > [22mRequest/Response Contract[2m > [22mshould include proper HTTP status codes[32m 5[2mms[22m[39m
 [32mÔ£ô[39m [30m[46m 1 [49m[39m tests/api/settings/evo-go-qr.integration.test.ts[2m > [22mPOST /api/settings/evo-go/qr - Integration Tests[2m > [22mLogging & Observability[2m > [22mshould log successful pairing[32m 1[2mms[22m[39m
 [32mÔ£ô[39m [30m[46m 1 [49m[39m tests/api/settings/evo-go-qr.integration.test.ts[2m > [22mPOST /api/settings/evo-go/qr - Integration Tests[2m > [22mLogging & Observability[2m > [22mshould log errors with context[32m 1[2mms[22m[39m
[90mstdout[2m | tests/register-kanban.test.ts[2m > [22m[2mRegister Integration - Kanban Auto-Creation[2m > [22m[2mcreateDefaultKanban() function[2m > [22m[2mshould create kanban 'Main' with is_main=true and order_position=1
[22m[39mDefault kanban created successfully: kanban_id=c7a11684-2f82-43f3-8dcc-48fb59a26984, tenant_id=94097f32-1f6d-48ff-8b73-001718c53154

 [32mÔ£ô[39m [30m[46m 1 [49m[39m tests/register-kanban.test.ts[2m > [22mRegister Integration - Kanban Auto-Creation[2m > [22mcreateDefaultKanban() function[2m > [22mshould create kanban 'Main' with is_main=true and order_position=1[33m 3636[2mms[22m[39m
[90mstdout[2m | tests/register-kanban.test.ts[2m > [22m[2mRegister Integration - Kanban Auto-Creation[2m > [22m[2mcreateDefaultKanban() function[2m > [22m[2mshould create exactly 4 columns with correct names and order
[22m[39mDefault kanban created successfully: kanban_id=a4135596-8176-4513-b7a8-2f5571a8b817, tenant_id=a7cf3dd9-c118-47a6-805a-4ae89354c050

 [32mÔ£ô[39m [30m[46m 1 [49m[39m tests/register-kanban.test.ts[2m > [22mRegister Integration - Kanban Auto-Creation[2m > [22mcreateDefaultKanban() function[2m > [22mshould create exactly 4 columns with correct names and order[33m 739[2mms[22m[39m
 [32mÔ£ô[39m [30m[46m 1 [49m[39m tests/lib/api/evo-go-signature.test.ts[2m > [22mvalidateEvoGoSignature[2m > [22mshould return true for valid HMAC-SHA256 signature[32m 9[2mms[22m[39m
 [32mÔ£ô[39m [30m[46m 1 [49m[39m tests/lib/api/evo-go-signature.test.ts[2m > [22mvalidateEvoGoSignature[2m > [22mshould return false for invalid signature with different secret[32m 1[2mms[22m[39m
 [32mÔ£ô[39m [30m[46m 1 [49m[39m tests/lib/api/evo-go-signature.test.ts[2m > [22mvalidateEvoGoSignature[2m > [22mshould return false for tampered body content[32m 2[2mms[22m[39m
 [32mÔ£ô[39m [30m[46m 1 [49m[39m tests/lib/api/evo-go-signature.test.ts[2m > [22mvalidateEvoGoSignature[2m > [22mshould return false for completely wrong signature[32m 1[2mms[22m[39m
 [32mÔ£ô[39m [30m[46m 1 [49m[39m tests/lib/api/evo-go-signature.test.ts[2m > [22mvalidateEvoGoSignature[2m > [22mshould handle empty body correctly[32m 1[2mms[22m[39m
 [32mÔ£ô[39m [30m[46m 1 [49m[39m tests/lib/api/evo-go-signature.test.ts[2m > [22mvalidateEvoGoSignature[2m > [22mshould handle special characters in body[32m 1[2mms[22m[39m
 [32mÔ£ô[39m [30m[46m 1 [49m[39m tests/lib/api/evo-go-signature.test.ts[2m > [22mvalidateEvoGoSignature[2m > [22mshould handle unicode characters in body[32m 1[2mms[22m[39m
 [32mÔ£ô[39m [30m[46m 1 [49m[39m tests/lib/api/evo-go-signature.test.ts[2m > [22mvalidateEvoGoSignature[2m > [22mshould prevent timing attacks - constant time comparison[32m 2[2mms[22m[39m
 [32mÔ£ô[39m [30m[46m 1 [49m[39m tests/lib/api/evo-go-signature.test.ts[2m > [22mvalidateEvoGoSignature[2m > [22mshould handle null/undefined gracefully[32m 11[2mms[22m[39m
 [32mÔ£ô[39m [30m[46m 1 [49m[39m tests/lib/api/evo-go-signature.test.ts[2m > [22mparseSignatureHeader[2m > [22mshould parse valid signature header[32m 1[2mms[22m[39m
 [32mÔ£ô[39m [30m[46m 1 [49m[39m tests/lib/api/evo-go-signature.test.ts[2m > [22mparseSignatureHeader[2m > [22mshould return null for invalid signature format[32m 1[2mms[22m[39m
 [32mÔ£ô[39m [30m[46m 1 [49m[39m tests/lib/api/evo-go-signature.test.ts[2m > [22mparseSignatureHeader[2m > [22mshould return null for null/undefined header[32m 1[2mms[22m[39m
 [32mÔ£ô[39m [30m[46m 1 [49m[39m tests/lib/api/evo-go-signature.test.ts[2m > [22mparseSignatureHeader[2m > [22mshould trim whitespace from valid signature[32m 0[2mms[22m[39m
[90mstdout[2m | tests/register-kanban.test.ts[2m > [22m[2mRegister Integration - Kanban Auto-Creation[2m > [22m[2mcreateDefaultKanban() function[2m > [22m[2mshould enforce unique constraint: only 1 is_main=true per tenant
[22m[39mDefault kanban created successfully: kanban_id=4d747d66-3c22-4fc7-8ce1-0e5fbede3e84, tenant_id=7560d97a-46d9-473f-a5f7-18cc40443fe6

 [32mÔ£ô[39m [30m[46m 1 [49m[39m tests/register-kanban.test.ts[2m > [22mRegister Integration - Kanban Auto-Creation[2m > [22mcreateDefaultKanban() function[2m > [22mshould enforce unique constraint: only 1 is_main=true per tenant[33m 688[2mms[22m[39m
[90mstdout[2m | tests/register-kanban.test.ts[2m > [22m[2mRegister Integration - Kanban Auto-Creation[2m > [22m[2mFull registration flow simulation[2m > [22m[2mshould support complete onboarding: tenant -> user -> kanban
[22m[39mDefault kanban created successfully: kanban_id=0652bd6c-1ff1-4945-acc1-11084517e243, tenant_id=7b87d1bd-c66b-47e0-b802-17c559a539be

 [2m[90mÔåô[39m[22m [30m[46m 1 [49m[39m tests/rls-performance.test.ts[2m > [22mRLS Performance Baseline Tests[2m > [22mPerformance Measurements[2m > [22mshould measure RLS overhead on SELECT queries
 [2m[90mÔåô[39m[22m [30m[46m 1 [49m[39m tests/rls-performance.test.ts[2m > [22mRLS Performance Baseline Tests[2m > [22mPerformance Measurements[2m > [22mshould verify indexes are used
 [32mÔ£ô[39m [30m[46m 1 [49m[39m tests/register-kanban.test.ts[2m > [22mRegister Integration - Kanban Auto-Creation[2m > [22mFull registration flow simulation[2m > [22mshould support complete onboarding: tenant -> user -> kanban[33m 1169[2mms[22m[39m
 [2m[90mÔåô[39m[22m [30m[46m 1 [49m[39m tests/rls-validation.test.ts[2m > [22mRLS Validation Test Suite[2m > [22mPhase 1: Cross-Tenant Data Access Prevention[2m > [22mTC-RLS-001: User A SELECT from Tenant B ÔåÆ 0 rows
 [2m[90mÔåô[39m[22m [30m[46m 1 [49m[39m tests/rls-validation.test.ts[2m > [22mRLS Validation Test Suite[2m > [22mPhase 1: Cross-Tenant Data Access Prevention[2m > [22mTC-RLS-002: User A UPDATE Tenant B row ÔåÆ 0 rows affected
 [2m[90mÔåô[39m[22m [30m[46m 1 [49m[39m tests/rls-validation.test.ts[2m > [22mRLS Validation Test Suite[2m > [22mPhase 1: Cross-Tenant Data Access Prevention[2m > [22mTC-RLS-003: User A DELETE Tenant B row ÔåÆ 0 rows affected
 [2m[90mÔåô[39m[22m [30m[46m 1 [49m[39m tests/rls-validation.test.ts[2m > [22mRLS Validation Test Suite[2m > [22mPhase 1: Cross-Tenant Data Access Prevention[2m > [22mTC-RLS-004: User A INSERT with Tenant B ID ÔåÆ fails (FK constraint)
 [2m[90mÔåô[39m[22m [30m[46m 1 [49m[39m tests/rls-validation.test.ts[2m > [22mRLS Validation Test Suite[2m > [22mPhase 1: Cross-Tenant Data Access Prevention[2m > [22mTC-RLS-005: Unauthenticated SELECT ÔåÆ 0 rows
 [2m[90mÔåô[39m[22m [30m[46m 1 [49m[39m tests/rls-validation.test.ts[2m > [22mRLS Validation Test Suite[2m > [22mSanity Check: Valid User Access[2m > [22mUser A CAN see Tenant A kanbans
 [2m[90mÔåô[39m[22m [30m[46m 1 [49m[39m tests/rls-validation.test.ts[2m > [22mRLS Validation Test Suite[2m > [22mSanity Check: Valid User Access[2m > [22mUser B CAN see Tenant B conversations
 [2m[90mÔåô[39m[22m [30m[46m 1 [49m[39m tests/rls-validation.test.ts[2m > [22mRLS Validation Test Suite[2m > [22mPhase 3: JWT & Concurrency Isolation[2m > [22mTC-RLS-006: Forged JWT ÔåÆ Supabase signature validation rejects
 [2m[90mÔåô[39m[22m [30m[46m 1 [49m[39m tests/rls-validation.test.ts[2m > [22mRLS Validation Test Suite[2m > [22mPhase 3: JWT & Concurrency Isolation[2m > [22mTC-RLS-007: Concurrent updates ÔåÆ User A still sees isolated data
 [2m[90mÔåô[39m[22m [30m[46m 1 [49m[39m tests/rls-validation.test.ts[2m > [22mRLS Validation Test Suite[2m > [22mPhase 4: Nested & Complex Query Isolation[2m > [22mTC-RLS-008: Nested SELECT (columns via kanban) ÔåÆ RLS enforced
 [2m[90mÔåô[39m[22m [30m[46m 1 [49m[39m tests/rls-validation.test.ts[2m > [22mRLS Validation Test Suite[2m > [22mPhase 4: Nested & Complex Query Isolation[2m > [22mTC-RLS-009: UPDATE with JOIN across tenants ÔåÆ blocked
 [2m[90mÔåô[39m[22m [30m[46m 1 [49m[39m tests/rls-validation.test.ts[2m > [22mRLS Validation Test Suite[2m > [22mPhase 4: Nested & Complex Query Isolation[2m > [22mTC-RLS-010: Cascade operations ÔåÆ RLS respected
 [90m┬À[39m [30m[46m 1 [49m[39m tests/rls-validation.test.ts[2m > [22mRLS Validation Test Suite[2m > [22mPhase 5: Performance Baseline (Optional - Use RLS_PERF_TEST env var)[2m > [22mTask 6.1: Run SELECT performance test on 10K-row table
 [90m┬À[39m [30m[46m 1 [49m[39m tests/rls-validation.test.ts[2m > [22mRLS Validation Test Suite[2m > [22mPhase 5: Performance Baseline (Optional - Use RLS_PERF_TEST env var)[2m > [22mTask 6.2: Calculate RLS overhead (<5% target)
 [90m┬À[39m [30m[46m 1 [49m[39m tests/rls-validation.test.ts[2m > [22mRLS Validation Test Suite[2m > [22mPhase 5: Performance Baseline (Optional - Use RLS_PERF_TEST env var)[2m > [22mTask 6.3: Verify EXPLAIN ANALYZE shows index usage
 [90m┬À[39m [30m[46m 1 [49m[39m tests/rls-validation.test.ts[2m > [22mRLS Validation Test Suite[2m > [22mPhase 5: Performance Baseline (Optional - Use RLS_PERF_TEST env var)[2m > [22mTask 6.4: Document baseline in report

[31mÔÄ»ÔÄ»ÔÄ»ÔÄ»ÔÄ»ÔÄ»[39m[1m[41m Failed Tests 16 [49m[22m[31mÔÄ»ÔÄ»ÔÄ»ÔÄ»ÔÄ»ÔÄ»ÔÄ»[39m

[41m[1m FAIL [22m[49m [30m[43m 0 [49m[39m src/components/layout/Header.test.tsx[2m > [22mHeader 
Component[2m > [22mrenders header with logo
[41m[1m FAIL [22m[49m [30m[43m 0 [49m[39m src/components/layout/Header.test.tsx[2m > [22mHeader 
Component[2m > [22mrenders dynamic page title
[41m[1m FAIL [22m[49m [30m[43m 0 [49m[39m src/components/layout/Header.test.tsx[2m > [22mHeader 
Component[2m > [22mrenders theme toggle
[41m[1m FAIL [22m[49m [30m[43m 0 [49m[39m src/components/layout/Header.test.tsx[2m > [22mHeader 
Component[2m > [22mrenders user menu
[41m[1m FAIL [22m[49m [30m[43m 0 [49m[39m src/components/layout/Header.test.tsx[2m > [22mHeader 
Component[2m > [22mhas correct ARIA labels
[41m[1m FAIL [22m[49m [30m[43m 0 [49m[39m src/components/layout/Header.test.tsx[2m > [22mHeader 
Component[2m > [22mapplies dark mode classes
[31m[1mError[22m: useAuth must be used within an AuthProvider[39m
[36m [2mÔØ»[22m useAuth src/context/AuthContext.tsx:[2m94:11[22m[39m
    [90m 92|[39m   [35mconst[39m context [33m=[39m [34museContext[39m([33mAuthContext[39m)[33m;[39m
    [90m 93|[39m   [35mif[39m (context [33m===[39m undefined) {
    [90m 94|[39m     [35mthrow[39m [35mnew[39m [33mError[39m([32m'useAuth must be used within an 
AuthProvider'[39m)[33m;[39m
    [90m   |[39m           [31m^[39m
    [90m 95|[39m   }
    [90m 96|[39m   [35mreturn[39m context[33m;[39m
[90m [2mÔØ»[22m Header src/components/layout/Header.tsx:[2m42:42[22m[39m
[90m [2mÔØ»[22m renderWithHooks node_modules/react-dom/cjs/react-dom.development.js:[2m15486:18[22m[39m
[90m [2mÔØ»[22m mountIndeterminateComponent 
node_modules/react-dom/cjs/react-dom.development.js:[2m20103:13[22m[39m
[90m [2mÔØ»[22m beginWork node_modules/react-dom/cjs/react-dom.development.js:[2m21626:16[22m[39m
[90m [2mÔØ»[22m beginWork$1 node_modules/react-dom/cjs/react-dom.development.js:[2m27465:14[22m[39m
[90m [2mÔØ»[22m performUnitOfWork node_modules/react-dom/cjs/react-dom.development.js:[2m26599:12[22m[39m
[90m [2mÔØ»[22m workLoopSync node_modules/react-dom/cjs/react-dom.development.js:[2m26505:5[22m[39m
[90m [2mÔØ»[22m renderRootSync node_modules/react-dom/cjs/react-dom.development.js:[2m26473:7[22m[39m
[90m [2mÔØ»[22m recoverFromConcurrentError 
node_modules/react-dom/cjs/react-dom.development.js:[2m25889:20[22m[39m

[31m[2mÔÄ»ÔÄ»ÔÄ»ÔÄ»ÔÄ»ÔÄ»ÔÄ»ÔÄ»ÔÄ»ÔÄ»ÔÄ»ÔÄ»ÔÄ»ÔÄ»ÔÄ»ÔÄ»ÔÄ»ÔÄ»ÔÄ»ÔÄ»ÔÄ»ÔÄ»ÔÄ»[1/16]ÔÄ»[22m[39m

[41m[1m FAIL [22m[49m [30m[43m 0 [49m[39m src/components/layout/RootLayout.test.tsx[2m > [22mRootLayout 
Component[2m > [22mrenders header
[41m[1m FAIL [22m[49m [30m[43m 0 [49m[39m src/components/layout/RootLayout.test.tsx[2m > [22mRootLayout 
Component[2m > [22mrenders sidebar on protected pages
[41m[1m FAIL [22m[49m [30m[43m 0 [49m[39m src/components/layout/RootLayout.test.tsx[2m > [22mRootLayout 
Component[2m > [22mrenders children content
[41m[1m FAIL [22m[49m [30m[43m 0 [49m[39m src/components/layout/RootLayout.test.tsx[2m > [22mRootLayout 
Component[2m > [22mhas main role on content area
[41m[1m FAIL [22m[49m [30m[43m 0 [49m[39m src/components/layout/RootLayout.test.tsx[2m > [22mRootLayout 
Component[2m > [22mapplies correct layout classes
[41m[1m FAIL [22m[49m [30m[43m 0 [49m[39m src/components/layout/RootLayout.test.tsx[2m > [22mRootLayout 
Component[2m > [22mapplies dark mode classes
[31m[1mError[22m: useAuth must be used within an AuthProvider[39m
[36m [2mÔØ»[22m useAuth src/context/AuthContext.tsx:[2m94:11[22m[39m
    [90m 92|[39m   [35mconst[39m context [33m=[39m [34museContext[39m([33mAuthContext[39m)[33m;[39m
    [90m 93|[39m   [35mif[39m (context [33m===[39m undefined) {
    [90m 94|[39m     [35mthrow[39m [35mnew[39m [33mError[39m([32m'useAuth must be used within an 
AuthProvider'[39m)[33m;[39m
    [90m   |[39m           [31m^[39m
    [90m 95|[39m   }
    [90m 96|[39m   [35mreturn[39m context[33m;[39m
[90m [2mÔØ»[22m RootLayout src/components/layout/RootLayout.tsx:[2m43:42[22m[39m
[90m [2mÔØ»[22m renderWithHooks node_modules/react-dom/cjs/react-dom.development.js:[2m15486:18[22m[39m
[90m [2mÔØ»[22m mountIndeterminateComponent 
node_modules/react-dom/cjs/react-dom.development.js:[2m20103:13[22m[39m
[90m [2mÔØ»[22m beginWork node_modules/react-dom/cjs/react-dom.development.js:[2m21626:16[22m[39m
[90m [2mÔØ»[22m beginWork$1 node_modules/react-dom/cjs/react-dom.development.js:[2m27465:14[22m[39m
[90m [2mÔØ»[22m performUnitOfWork node_modules/react-dom/cjs/react-dom.development.js:[2m26599:12[22m[39m
[90m [2mÔØ»[22m workLoopSync node_modules/react-dom/cjs/react-dom.development.js:[2m26505:5[22m[39m
[90m [2mÔØ»[22m renderRootSync node_modules/react-dom/cjs/react-dom.development.js:[2m26473:7[22m[39m
[90m [2mÔØ»[22m recoverFromConcurrentError 
node_modules/react-dom/cjs/react-dom.development.js:[2m25889:20[22m[39m

[31m[2mÔÄ»ÔÄ»ÔÄ»ÔÄ»ÔÄ»ÔÄ»ÔÄ»ÔÄ»ÔÄ»ÔÄ»ÔÄ»ÔÄ»ÔÄ»ÔÄ»ÔÄ»ÔÄ»ÔÄ»ÔÄ»ÔÄ»ÔÄ»ÔÄ»ÔÄ»ÔÄ»[2/16]ÔÄ»[22m[39m

[41m[1m FAIL [22m[49m [30m[43m 0 [49m[39m src/components/layout/Sidebar.test.tsx[2m > [22mSidebar 
Component[2m > [22mmarks active link with aria-current
[31m[1mError[22m: 
[2mexpect([22m[31melement[31m[2m).toHaveAttribute([22m[32m[32m"aria-current"[32m[31m[2m, 
[22m[32m[32m"page"[32m[31m[2m) // element.getAttribute("aria-current") === "page"[22m

Expected the element to have attribute:
[32m  aria-current="page"[31m
Received:
[31m  null[31m[39m
[36m [2mÔØ»[22m src/components/layout/Sidebar.test.tsx:[2m60:22[22m[39m
    [90m 58|[39m     [34mrender[39m([33m<[39m[33mSidebar[39m [33m/[39m[33m>[39m)[33m;[39m
    [90m 59|[39m     [35mconst[39m homeLink [33m=[39m 
screen[33m.[39m[34mgetByRole[39m([32m'link'[39m[33m,[39m { name[33m:[39m [32m'Home'[39m })[33m;[39m
    [90m 60|[39m     
[34mexpect[39m(homeLink)[33m.[39m[34mtoHaveAttribute[39m([32m'aria-current'[39m[33m,[39m 
[32m'page'[39m)[33m;[39m
    [90m   |[39m                      [31m^[39m
    [90m 61|[39m   })[33m;[39m
    [90m 62|[39m

[31m[2mÔÄ»ÔÄ»ÔÄ»ÔÄ»ÔÄ»ÔÄ»ÔÄ»ÔÄ»ÔÄ»ÔÄ»ÔÄ»ÔÄ»ÔÄ»ÔÄ»ÔÄ»ÔÄ»ÔÄ»ÔÄ»ÔÄ»ÔÄ»ÔÄ»ÔÄ»ÔÄ»[3/16]ÔÄ»[22m[39m

[41m[1m FAIL [22m[49m [30m[43m 0 [49m[39m src/components/layout/Sidebar.test.tsx[2m > [22mSidebar 
Component[2m > [22mapplies active styles to current route
[31m[1mError[22m: 
[2mexpect([22m[31melement[31m[2m).toHaveClass([22m[32m[32m"bg-emerald-50"[32m[31m[2m)[22m

Expected the element to have class:
[32m  bg-emerald-50[31m
Received:
[31m  flex items-center gap-3 rounded-lg px-4 py-3 text-sm font-medium transition-colors focus:outline-none 
focus:ring-2 focus:ring-primary focus:ring-offset-2 dark:focus:ring-offset-surface text-text-primary 
hover:bg-surface-container-low[31m[39m
[36m [2mÔØ»[22m src/components/layout/Sidebar.test.tsx:[2m66:22[22m[39m
    [90m 64|[39m     [34mrender[39m([33m<[39m[33mSidebar[39m [33m/[39m[33m>[39m)[33m;[39m
    [90m 65|[39m     [35mconst[39m homeLink [33m=[39m 
screen[33m.[39m[34mgetByRole[39m([32m'link'[39m[33m,[39m { name[33m:[39m [32m'Home'[39m })[33m;[39m
    [90m 66|[39m     [34mexpect[39m(homeLink)[33m.[39m[34mtoHaveClass[39m([32m'bg-emerald-50'[39m)[33m;[39m
    [90m   |[39m                      [31m^[39m
    [90m 67|[39m     
[34mexpect[39m(homeLink)[33m.[39m[34mtoHaveClass[39m([32m'text-emerald-700'[39m)[33m;[39m
    [90m 68|[39m   })[33m;[39m

[31m[2mÔÄ»ÔÄ»ÔÄ»ÔÄ»ÔÄ»ÔÄ»ÔÄ»ÔÄ»ÔÄ»ÔÄ»ÔÄ»ÔÄ»ÔÄ»ÔÄ»ÔÄ»ÔÄ»ÔÄ»ÔÄ»ÔÄ»ÔÄ»ÔÄ»ÔÄ»ÔÄ»[4/16]ÔÄ»[22m[39m

[41m[1m FAIL [22m[49m [30m[43m 0 [49m[39m src/components/layout/Sidebar.test.tsx[2m > [22mSidebar 
Component[2m > [22mapplies dark mode classes
[31m[1mError[22m: 
[2mexpect([22m[31melement[31m[2m).toHaveClass([22m[32m[32m"dark:bg-gray-900"[32m[31m[2m)[22m

Expected the element to have class:
[32m  dark:bg-gray-900[31m
Received:
[31m  hidden md:flex flex-col w-64 border-r border-surface-container-low bg-surface-bright 
dark:bg-surface-container-highest h-[calc(100vh-4rem)] overflow-y-auto[31m[39m
[36m [2mÔØ»[22m src/components/layout/Sidebar.test.tsx:[2m73:17[22m[39m
    [90m 71|[39m     [35mconst[39m { container } [33m=[39m [34mrender[39m([33m<[39m[33mSidebar[39m 
[33m/[39m[33m>[39m)[33m;[39m
    [90m 72|[39m     [35mconst[39m nav [33m=[39m 
container[33m.[39m[34mquerySelector[39m([32m'nav'[39m)[33m;[39m
    [90m 73|[39m     [34mexpect[39m(nav)[33m.[39m[34mtoHaveClass[39m([32m'dark:bg-gray-900'[39m)[33m;[39m
    [90m   |[39m                 [31m^[39m
    [90m 74|[39m     
[34mexpect[39m(nav)[33m.[39m[34mtoHaveClass[39m([32m'dark:border-gray-800'[39m)[33m;[39m
    [90m 75|[39m   })[33m;[39m

[31m[2mÔÄ»ÔÄ»ÔÄ»ÔÄ»ÔÄ»ÔÄ»ÔÄ»ÔÄ»ÔÄ»ÔÄ»ÔÄ»ÔÄ»ÔÄ»ÔÄ»ÔÄ»ÔÄ»ÔÄ»ÔÄ»ÔÄ»ÔÄ»ÔÄ»ÔÄ»ÔÄ»[5/16]ÔÄ»[22m[39m

[41m[1m FAIL [22m[49m [30m[43m 0 [49m[39m src/components/layout/UserMenu.test.tsx[2m > [22mUserMenu 
Component[2m > [22mapplies dark mode styles
[31m[1mError[22m: 
[2mexpect([22m[31melement[31m[2m).toHaveClass([22m[32m[32m"dark:text-gray-200"[32m[31m[2m)[22m

Expected the element to have class:
[32m  dark:text-gray-200[31m
Received:
[31m  flex items-center gap-2 rounded-lg px-3 py-2 text-sm font-medium text-text-primary 
hover:bg-surface-container-low focus:outline-none focus:ring-2 focus:ring-primary focus:ring-offset-2 
dark:focus:ring-offset-surface transition-colors[31m[39m
[36m [2mÔØ»[22m src/components/layout/UserMenu.test.tsx:[2m91:21[22m[39m
    [90m 89|[39m     [35mconst[39m trigger [33m=[39m 
screen[33m.[39m[34mgetByRole[39m([32m'button'[39m[33m,[39m { name[33m:[39m [36m/user menu/i[39m 
})[33m;[39m
    [90m 90|[39m
    [90m 91|[39m     
[34mexpect[39m(trigger)[33m.[39m[34mtoHaveClass[39m([32m'dark:text-gray-200'[39m)[33m;[39m
    [90m   |[39m                     [31m^[39m
    [90m 92|[39m     
[34mexpect[39m(trigger)[33m.[39m[34mtoHaveClass[39m([32m'dark:hover:bg-gray-800'[39m)[33m;[39m
    [90m 93|[39m   })[33m;[39m

[31m[2mÔÄ»ÔÄ»ÔÄ»ÔÄ»ÔÄ»ÔÄ»ÔÄ»ÔÄ»ÔÄ»ÔÄ»ÔÄ»ÔÄ»ÔÄ»ÔÄ»ÔÄ»ÔÄ»ÔÄ»ÔÄ»ÔÄ»ÔÄ»ÔÄ»ÔÄ»ÔÄ»[6/16]ÔÄ»[22m[39m


[2m Test Files [22m [1m[31m4 failed[39m[22m[2m | [22m[1m[32m12 passed[39m[22m[2m | [22m[33m2 skipped[39m[90m (18)[39m
[2m      Tests [22m [1m[31m16 failed[39m[22m[2m | [22m[1m[32m143 passed[39m[22m[2m | [22m[33m14 skipped[39m[90m (177)[39m
[2m   Start at [22m 15:35:59
[2m   Duration [22m 121.64s[2m (transform 8.36s, setup 32.11s, import 57.70s, tests 38.39s, environment 171.51s)[22m

